Microchip MPLAB XC8 Compiler V2.05 ()

Linker command line:

-W-3 --edf=C:\Program Files (x86)\Microchip\xc8\v2.05\pic\dat\en_msgs.txt \
  -cs -h+dist/default/production\Func_gen_v1.X.production.sym \
  --cmf=dist/default/production\Func_gen_v1.X.production.cmf -z -Q16F886 \
  -oC:\Users\LENOVO\AppData\Local\Temp\sr6g.2 --defsym=__MPLAB_BUILD=1 \
  -Mdist/default/production/Func_gen_v1.X.production.map -E1 -ver=XC8 \
  --acfsm=1493 -ASTACK=0110h-016Fh -pstack=STACK -ACODE=00h-07FFhx4 \
  -ASTRCODE=00h-01FFFh -ASTRING=00h-0FFhx32 -ACONST=00h-0FFhx32 \
  -AENTRY=00h-0FFhx32 -ACOMMON=070h-07Fh -ABANK0=020h-06Fh \
  -ABANK1=0A0h-0EFh -ABANK2=0110h-016Fh -ABANK3=0190h-01EFh \
  -ARAM=020h-06Fh,0A0h-0EFh,0110h-016Fh,0190h-01EFh \
  -AABS1=020h-07Fh,0A0h-0EFh,0110h-016Fh,0190h-01EFh -ASFR0=00h-01Fh \
  -ASFR1=080h-09Fh -ASFR2=0100h-010Fh -ASFR3=0180h-018Fh \
  -preset_vec=00h,intentry=04h,init,end_init -ppowerup=CODE -pcinit=CODE \
  -pfunctab=ENTRY -ACONFIG=02007h-02008h -pconfig=CONFIG -DCONFIG=2 \
  -AIDLOC=02000h-02003h -pidloc=IDLOC -DIDLOC=2 -AEEDATA=00h-0FFh/02100h \
  -peeprom_data=EEDATA -DEEDATA=2 -DCODE=2 -DSTRCODE=2 -DSTRING=2 -DCONST=2 \
  -DENTRY=2 -k C:\Users\LENOVO\AppData\Local\Temp\sr6g.o \
  dist/default/production\Func_gen_v1.X.production.o 

Object code version is 3.11

Machine type is 16F886



                Name                               Link     Load   Length Selector   Space Scale
C:\Users\LENOVO\AppData\Local\Temp\sr6g.o
                end_init                              C        C        3        8       0
                reset_vec                             0        0        3        0       0
                config                             2007     2007        2     400E       0
dist/default/production\Func_gen_v1.X.production.o
                cinit                                 F        F       15        8       0
                intentry                              4        4        8        8       0
                text17                              46A      46A      1F5        8       0
                text16                              EA8      EA8       34     1D50       0
                text15                              65F      65F       9F        8       0
                text14                              EDC      EDC       39     1DB8       0
                text13                              795      795       4A        8       0
                text12                              F53      F53       41     1EA6       0
                text11                              E1D      E1D       2C     1C3A       0
                text10                              DDA      DDA       21     1BB4       0
                text9                               DB2      DB2       10     1B64       0
                text8                               6FE      6FE       97        8       0
                text7                               F15      F15       3E     1E2A       0
                text6                               E76      E76       32     1CEC       0
                text5                               F94      F94       6C     1F28       0
                text4                               DFB      DFB       22     1BF6       0
                text3                               7DF      7DF       21        8       0
                text2                               E49      E49       2D     1C92       0
                text1                               DC2      DC2       18     1B84       0
                maintext                             24       24      446        8       0
                cstackBANK0                          49       49       15       20       1
                cstackCOMMON                         70       70        9       70       1
                cstackBANK1                          B2       B2       10       A0       1
                clrtext                             DAA      DAA        8     1B54       0
                bssBANK1                             A0       A0       12       A0       1
                bssBANK0                             20       20       29       20       1
                bssCOMMON                            79       79        2       70       1
                strings                             800      800       1B     1000       0
                nvBANK1                              C2       C2        E       A0       1
                nvBANK0                              5E       5E        4       20       1

TOTAL           Name                               Link     Load   Length     Space
        CLASS   STACK          

        CLASS   CODE           
                end_init                              C        C        3         0
                cinit                                 F        F       15         0
                intentry                              4        4        8         0
                reset_vec                             0        0        3         0
                text17                              46A      46A      1F5         0
                text16                              EA8      EA8       34         0
                text15                              65F      65F       9F         0
                text14                              EDC      EDC       39         0
                text13                              795      795       4A         0
                text12                              F53      F53       41         0
                text11                              E1D      E1D       2C         0
                text10                              DDA      DDA       21         0
                text9                               DB2      DB2       10         0
                text8                               6FE      6FE       97         0
                text7                               F15      F15       3E         0
                text6                               E76      E76       32         0
                text5                               F94      F94       6C         0
                text4                               DFB      DFB       22         0
                text3                               7DF      7DF       21         0
                text2                               E49      E49       2D         0
                text1                               DC2      DC2       18         0
                maintext                             24       24      446         0
                clrtext                             DAA      DAA        8         0

        CLASS   STRCODE        

        CLASS   STRING         
                strings                             800      800       1B         0

        CLASS   CONST          

        CLASS   ENTRY          

        CLASS   COMMON         
                cstackCOMMON                         70       70        9         1
                bssCOMMON                            79       79        2         1

        CLASS   BANK0          
                cstackBANK0                          49       49       15         1
                bssBANK0                             20       20       29         1
                nvBANK0                              5E       5E        4         1

        CLASS   BANK1          
                cstackBANK1                          B2       B2       10         1
                bssBANK1                             A0       A0       12         1
                nvBANK1                              C2       C2        E         1

        CLASS   BANK2          

        CLASS   BANK3          

        CLASS   RAM            

        CLASS   ABS1           
                abs_s1                               7E       7E        2         1

        CLASS   SFR0           

        CLASS   SFR1           

        CLASS   SFR2           

        CLASS   SFR3           

        CLASS   CONFIG         
                config                             2007     2007        2         0

        CLASS   IDLOC          

        CLASS   EEDATA         



SEGMENTS        Name                           Load    Length   Top    Selector   Space  Class     Delta

                reset_vec                      000000  000003  000003         0       0  CODE        2
                intentry                       000004  0007FC  000800         8       0  CODE        2
                bssBANK0                       000020  000042  000062        20       1  BANK0       1
                cstackCOMMON                   000070  00000B  00007B        70       1  COMMON      1
                bssBANK1                       0000A0  000030  0000D0        A0       1  BANK1       1
                strings                        000800  00001B  00081B      1000       0  STRING      2
                clrtext                        000DAA  000008  000DB2      1B54       0  CODE        2
                text9                          000DB2  000010  000DC2      1B64       0  CODE        2
                text1                          000DC2  000018  000DDA      1B84       0  CODE        2
                text10                         000DDA  000021  000DFB      1BB4       0  CODE        2
                text4                          000DFB  000022  000E1D      1BF6       0  CODE        2
                text11                         000E1D  00002C  000E49      1C3A       0  CODE        2
                text2                          000E49  00002D  000E76      1C92       0  CODE        2
                text6                          000E76  000032  000EA8      1CEC       0  CODE        2
                text16                         000EA8  000034  000EDC      1D50       0  CODE        2
                text14                         000EDC  000039  000F15      1DB8       0  CODE        2
                text7                          000F15  00003E  000F53      1E2A       0  CODE        2
                text12                         000F53  000041  000F94      1EA6       0  CODE        2
                text5                          000F94  00006C  001000      1F28       0  CODE        2
                config                         002007  000002  002009      400E       0  CONFIG      2


UNUSED ADDRESS RANGES

        Name                Unused          Largest block    Delta
        BANK0            0062-006F              E           1
        BANK1            00D0-00EF             20           1
        BANK2            0110-016F             60           1
        BANK3            0190-01EF             60           1
        CODE             0003-0003              1           2
                         081B-0DA9            58F
                         1000-1FFF            800
        COMMON           007B-007D              3           1
        CONST            0003-0003              1           2
                         081B-0DA9            100
                         1000-1FFF            100
        EEDATA           2100-21FF            100           2
        ENTRY            0003-0003              1           2
                         081B-0DA9            100
                         1000-1FFF            100
        IDLOC            2000-2003              4           2
        RAM              0062-006F              E           1
                         00D0-00EF             20
                         0110-016F             60
                         0190-01EF             60
        SFR0             0000-001F             20           1
        SFR1             0080-009F             20           1
        SFR2             0100-010F             10           1
        SFR3             0180-018F             10           1
        STACK            0110-016F             60           1
        STRCODE          0003-0003              1           2
                         081B-0DA9            58F
                         1000-1FFF           1000
        STRING           0003-0003              1           2
                         081B-0DA9            100
                         1000-1FFF            100

                                  Symbol Table

?___lmul                 cstackBANK0  0049
?___lwdiv                cstackCOMMON 0073
?___lwmod                cstackCOMMON 0073
_ANS10                   (abs)        0C4A
_ANS11                   (abs)        0C4B
_ANS12                   (abs)        0C4C
_ANS13                   (abs)        0C4D
_ANS8                    (abs)        0C48
_ANS9                    (abs)        0C49
_DDS_init                text13       0795
_F_FREQ                  bssBANK0     0043
_GIE                     (abs)        005F
_INTE                    (abs)        005C
_INTEDG                  (abs)        040E
_INTF                    (abs)        0059
_ISR                     text17       046A
_PEIE                    (abs)        005E
_RB1                     (abs)        0031
_RB2                     (abs)        0032
_RB3                     (abs)        0033
_RB4                     (abs)        0034
_RB5                     (abs)        0035
_RC2                     (abs)        003A
_RC3                     (abs)        003B
_RC4                     (abs)        003C
_RC5                     (abs)        003D
_RC6                     (abs)        003E
_RC7                     (abs)        003F
_RESET                   nvBANK1      00CE
_SET_0                   nvBANK1      00CC
_SET_1                   nvBANK1      00CA
_SYNCSRC                 nvBANK1      00C6
_TRISB0                  (abs)        0430
_TRISB1                  (abs)        0431
_TRISB2                  (abs)        0432
_TRISB3                  (abs)        0433
_TRISB4                  (abs)        0434
_TRISB5                  (abs)        0435
_TRISC1                  (abs)        0439
_TRISC2                  (abs)        043A
_TRISC3                  (abs)        043B
_TRISC4                  (abs)        043C
_TRISC5                  (abs)        043D
_TRISC6                  (abs)        043E
_TRISC7                  (abs)        043F
_UNRESET                 nvBANK1      00C8
__CFG_BOR4V$BOR40V       (abs)        0000
__CFG_BOREN$ON           (abs)        0000
__CFG_CP$OFF             (abs)        0000
__CFG_CPD$OFF            (abs)        0000
__CFG_FCMEN$OFF          (abs)        0000
__CFG_FOSC$HS            (abs)        0000
__CFG_IESO$OFF           (abs)        0000
__CFG_LVP$OFF            (abs)        0000
__CFG_MCLRE$ON           (abs)        0000
__CFG_PWRTE$OFF          (abs)        0000
__CFG_WDTE$OFF           (abs)        0000
__CFG_WRT$OFF            (abs)        0000
__Habs1                  abs1         0000
__Hbank0                 bank0        0000
__Hbank1                 bank1        0000
__Hbank2                 bank2        0000
__Hbank3                 bank3        0000
__HbssBANK0              bssBANK0     0000
__HbssBANK1              bssBANK1     0000
__HbssCOMMON             bssCOMMON    0000
__Hcinit                 cinit        0024
__Hclrtext               clrtext      0000
__Hcode                  code         0000
__Hcommon                common       0000
__Hconfig                config       2009
__HcstackBANK0           cstackBANK0  0000
__HcstackBANK1           cstackBANK1  0000
__HcstackCOMMON          cstackCOMMON 0000
__Heeprom_data           eeprom_data  0000
__Hend_init              end_init     000F
__Hfunctab               functab      0000
__Hidloc                 idloc        0000
__Hinit                  init         000C
__Hintentry              intentry     000C
__Hmaintext              maintext     0000
__HnvBANK0               nvBANK0      0000
__HnvBANK1               nvBANK1      0000
__Hpowerup               powerup      0000
__Hram                   ram          0000
__Hreset_vec             reset_vec    0003
__Hsfr0                  sfr0         0000
__Hsfr1                  sfr1         0000
__Hsfr2                  sfr2         0000
__Hsfr3                  sfr3         0000
__Hspace_0               (abs)        2009
__Hspace_1               (abs)        00D0
__Hspace_2               (abs)        0000
__Hspace_3               (abs)        0000
__Hstack                 stack        0000
__Hstrings               strings      0000
__Htext                  text         0000
__Labs1                  abs1         0000
__Lbank0                 bank0        0000
__Lbank1                 bank1        0000
__Lbank2                 bank2        0000
__Lbank3                 bank3        0000
__LbssBANK0              bssBANK0     0000
__LbssBANK1              bssBANK1     0000
__LbssCOMMON             bssCOMMON    0000
__Lcinit                 cinit        000F
__Lclrtext               clrtext      0000
__Lcode                  code         0000
__Lcommon                common       0000
__Lconfig                config       2007
__LcstackBANK0           cstackBANK0  0000
__LcstackBANK1           cstackBANK1  0000
__LcstackCOMMON          cstackCOMMON 0000
__Leeprom_data           eeprom_data  0000
__Lend_init              end_init     000C
__Lfunctab               functab      0000
__Lidloc                 idloc        0000
__Linit                  init         000C
__Lintentry              intentry     0004
__Lmaintext              maintext     0000
__LnvBANK0               nvBANK0      0000
__LnvBANK1               nvBANK1      0000
__Lpowerup               powerup      0000
__Lram                   ram          0000
__Lreset_vec             reset_vec    0000
__Lsfr0                  sfr0         0000
__Lsfr1                  sfr1         0000
__Lsfr2                  sfr2         0000
__Lsfr3                  sfr3         0000
__Lspace_0               (abs)        0000
__Lspace_1               (abs)        0000
__Lspace_2               (abs)        0000
__Lspace_3               (abs)        0000
__Lstack                 stack        0000
__Lstrings               strings      0000
__Ltext                  text         0000
__S0                     (abs)        2009
__S1                     (abs)        00D0
__S2                     (abs)        0000
__S3                     (abs)        0000
___int_sp                stack        0000
___latbits               (abs)        0002
___lmul                  text12       0F53
___lmul@multiplicand     cstackBANK0  004D
___lmul@multiplier       cstackBANK0  0049
___lmul@product          cstackCOMMON 0074
___lwdiv                 text7        0F15
___lwdiv@counter         cstackBANK0  0049
___lwdiv@dividend        cstackCOMMON 0075
___lwdiv@divisor         cstackCOMMON 0073
___lwdiv@quotient        cstackBANK0  004A
___lwmod                 text6        0E76
___lwmod@counter         cstackCOMMON 0078
___lwmod@dividend        cstackCOMMON 0075
___lwmod@divisor         cstackCOMMON 0073
___sp                    stack        0000
___stackhi               (abs)        0000
___stacklo               (abs)        0000
__end_of_DDS_init        text13       07DF
__end_of_ISR             text17       065F
__end_of___lmul          text12       0F94
__end_of___lwdiv         text7        0F53
__end_of___lwmod         text6        0EA8
__end_of__initialization cinit        0020
__end_of__stringtab      strings      0810
__end_of_data_write      text11       0E49
__end_of_freq_write      text15       06FE
__end_of_itoa            text4        0E1D
__end_of_lcd_clear       text9        0DC2
__end_of_lcd_cmd         text10       0DFB
__end_of_lcd_data        text3        0800
__end_of_lcd_init        text8        0795
__end_of_main            maintext     046A
__end_of_phase_write     text14       0F15
__end_of_send_int        text1        0DDA
__end_of_send_string     text2        0E76
__end_of_spi_write       text16       0EDC
__end_of_utoa            text5        1000
__initialization         cinit        000F
__pbssBANK0              bssBANK0     0020
__pbssBANK1              bssBANK1     00A0
__pbssCOMMON             bssCOMMON    0079
__pcstackBANK0           cstackBANK0  0049
__pcstackBANK1           cstackBANK1  00B2
__pcstackCOMMON          cstackCOMMON 0070
__pintentry              intentry     0004
__pmaintext              maintext     0024
__pnvBANK0               nvBANK0      005E
__pnvBANK1               nvBANK1      00C2
__pstrings               strings      0800
__ptext1                 text1        0DC2
__ptext10                text10       0DDA
__ptext11                text11       0E1D
__ptext12                text12       0F53
__ptext13                text13       0795
__ptext14                text14       0EDC
__ptext15                text15       065F
__ptext16                text16       0EA8
__ptext17                text17       046A
__ptext2                 text2        0E49
__ptext3                 text3        07DF
__ptext4                 text4        0DFB
__ptext5                 text5        0F94
__ptext6                 text6        0E76
__ptext7                 text7        0F15
__ptext8                 text8        06FE
__ptext9                 text9        0DB2
__size_of_DDS_init       (abs)        0000
__size_of_ISR            (abs)        0000
__size_of___lmul         (abs)        0000
__size_of___lwdiv        (abs)        0000
__size_of___lwmod        (abs)        0000
__size_of_data_write     (abs)        0000
__size_of_freq_write     (abs)        0000
__size_of_itoa           (abs)        0000
__size_of_lcd_clear      (abs)        0000
__size_of_lcd_cmd        (abs)        0000
__size_of_lcd_data       (abs)        0000
__size_of_lcd_init       (abs)        0000
__size_of_main           (abs)        0000
__size_of_phase_write    (abs)        0000
__size_of_send_int       (abs)        0000
__size_of_send_string    (abs)        0000
__size_of_spi_write      (abs)        0000
__size_of_utoa           (abs)        0000
__stringbase             strings      080F
__stringtab              strings      0800
_buff                    bssBANK1     00AA
_cursor_dir              bssBANK0     0042
_data_write              text11       0E1D
_freq                    bssBANK0     0034
_freqHLSB                bssBANK0     003A
_freqHMSB                bssBANK0     003C
_freqLLSB                bssBANK0     003E
_freqLMSB                bssBANK0     0040
_freqLSB                 bssBANK0     0038
_freqMSB                 bssCOMMON    0079
_freq_write              text15       065F
_itoa                    text4        0DFB
_last_freq               nvBANK1      00C2
_last_val0               bssBANK0     0048
_last_val1               bssBANK0     0047
_last_val2               bssBANK0     0046
_last_val3               bssBANK0     0045
_last_val4               bssBANK0     0044
_lcd_clear               text9        0DB2
_lcd_cmd                 text10       0DDA
_lcd_data                text3        07DF
_lcd_init                text8        06FE
_main                    maintext     0024
_phase_write             text14       0EDC
_pos                     bssBANK0     0020
_send_int                text1        0DC2
_send_string             text2        0E49
_spi_write               text16       0EA8
_utoa                    text5        0F94
_val0                    nvBANK0      005E
_val1                    bssBANK0     0030
_val2                    bssBANK0     002C
_val3                    bssBANK0     0028
_val4                    bssBANK0     0024
btemp                    (abs)        007E
clear_ram0               clrtext      0DAA
data_write@data          cstackCOMMON 0074
end_of_initialization    cinit        0020
freq_write@input         cstackBANK0  0049
freq_write@reg           cstackBANK0  004D
interrupt_function       intentry     0004
intlevel0                functab      0000
intlevel1                functab      0000
intlevel2                functab      0000
intlevel3                functab      0000
intlevel4                functab      0000
intlevel5                functab      0000
itoa@base                cstackBANK0  0057
itoa@buf                 cstackBANK0  005B
itoa@val                 cstackBANK0  0055
lcd_cmd@data             cstackCOMMON 0076
lcd_data@data            cstackCOMMON 0076
phase_write@input        cstackBANK0  0049
reset_vec                reset_vec    0000
saved_w                  (abs)        007E
send_int@data            cstackBANK0  005C
send_string@i            cstackBANK0  0049
send_string@s            cstackCOMMON 0077
spi_write@data           cstackCOMMON 0073
spi_write@i              cstackCOMMON 0076
start                    init         000C
start_initialization     cinit        000F
utoa@base                cstackBANK0  004E
utoa@buf                 cstackBANK0  0054
utoa@c                   cstackBANK0  0053
utoa@v                   cstackBANK0  0051
utoa@val                 cstackBANK0  004C
wtemp0                   (abs)        007E


FUNCTION INFORMATION:

 *************** function _main *****************
 Defined at:
		line 326 in file "newmain.c"
 Parameters:    Size  Location     Type
		None
 Auto vars:     Size  Location     Type
		None
 Return value:  Size  Location     Type
                  1    wreg      void 
 Registers used:
		wreg, fsr0l, fsr0h, status,2, status,0, btemp+1, pclath, cstack
 Tracked objects:
		On entry : 
		On exit  : 
		Unchanged: 
 Data sizes:     COMMON   BANK0   BANK1   BANK3   BANK2
      Params:         0       0       0       0       0
      Locals:         0       0       0       0       0
      Temps:          0       0      16       0       0
      Totals:         0       0      16       0       0
Total ram usage:       16 bytes
 Hardware stack levels required when called:    5
 This function calls:
		_DDS_init
		___lmul
		_freq_write
		_lcd_clear
		_lcd_cmd
		_lcd_init
		_send_int
		_send_string
		_spi_write
 This function is called by:
		Startup code after reset
 This function uses a non-reentrant model


 *************** function _send_int *****************
 Defined at:
		line 270 in file "newmain.c"
 Parameters:    Size  Location     Type
  data            2   19[BANK0 ] int 
 Auto vars:     Size  Location     Type
		None
 Return value:  Size  Location     Type
                  1    wreg      void 
 Registers used:
		wreg, fsr0l, fsr0h, status,2, status,0, btemp+1, pclath, cstack
 Tracked objects:
		On entry : 
		On exit  : 
		Unchanged: 
 Data sizes:     COMMON   BANK0   BANK1   BANK3   BANK2
      Params:         0       2       0       0       0
      Locals:         0       0       0       0       0
      Temps:          0       0       0       0       0
      Totals:         0       2       0       0       0
Total ram usage:        2 bytes
 Hardware stack levels used:    1
 Hardware stack levels required when called:    4
 This function calls:
		_itoa
		_send_string
 This function is called by:
		_main
 This function uses a non-reentrant model


 *************** function _send_string *****************
 Defined at:
		line 263 in file "newmain.c"
 Parameters:    Size  Location     Type
  s               2    7[COMMON] PTR const unsigned char 
		 -> STR_2(4), STR_1(7), buff(8), 
 Auto vars:     Size  Location     Type
  i               2    0[BANK0 ] unsigned int 
 Return value:  Size  Location     Type
                  1    wreg      void 
 Registers used:
		wreg, fsr0l, fsr0h, status,2, status,0, btemp+1, pclath, cstack
 Tracked objects:
		On entry : 
		On exit  : 
		Unchanged: 
 Data sizes:     COMMON   BANK0   BANK1   BANK3   BANK2
      Params:         2       0       0       0       0
      Locals:         0       2       0       0       0
      Temps:          0       0       0       0       0
      Totals:         2       2       0       0       0
Total ram usage:        4 bytes
 Hardware stack levels used:    1
 Hardware stack levels required when called:    3
 This function calls:
		_lcd_data
 This function is called by:
		_send_int
		_main
 This function uses a non-reentrant model


 *************** function _lcd_data *****************
 Defined at:
		line 188 in file "newmain.c"
 Parameters:    Size  Location     Type
  data            1    wreg     unsigned char 
 Auto vars:     Size  Location     Type
  data            1    6[COMMON] unsigned char 
 Return value:  Size  Location     Type
                  1    wreg      void 
 Registers used:
		wreg, status,2, status,0, pclath, cstack
 Tracked objects:
		On entry : 
		On exit  : 
		Unchanged: 
 Data sizes:     COMMON   BANK0   BANK1   BANK3   BANK2
      Params:         0       0       0       0       0
      Locals:         1       0       0       0       0
      Temps:          1       0       0       0       0
      Totals:         2       0       0       0       0
Total ram usage:        2 bytes
 Hardware stack levels used:    1
 Hardware stack levels required when called:    2
 This function calls:
		_data_write
 This function is called by:
		_send_string
 This function uses a non-reentrant model


 *************** function _itoa *****************
 Defined at:
		line 4 in file "C:\Program Files (x86)\Microchip\xc8\v2.05\pic\sources\c90\common\itoa.c"
 Parameters:    Size  Location     Type
  buf             1    wreg     PTR unsigned char 
		 -> buff(8), 
  val             2   12[BANK0 ] int 
  base            2   14[BANK0 ] int 
 Auto vars:     Size  Location     Type
  buf             1   18[BANK0 ] PTR unsigned char 
		 -> buff(8), 
  cp              1    0        PTR unsigned char 
		 -> buff(8), 
 Return value:  Size  Location     Type
                  1    wreg      PTR unsigned char 
 Registers used:
		wreg, fsr0l, fsr0h, status,2, status,0, pclath, cstack
 Tracked objects:
		On entry : 
		On exit  : 
		Unchanged: 
 Data sizes:     COMMON   BANK0   BANK1   BANK3   BANK2
      Params:         0       4       0       0       0
      Locals:         0       2       0       0       0
      Temps:          0       1       0       0       0
      Totals:         0       7       0       0       0
Total ram usage:        7 bytes
 Hardware stack levels used:    1
 Hardware stack levels required when called:    3
 This function calls:
		_utoa
 This function is called by:
		_send_int
 This function uses a non-reentrant model


 *************** function _utoa *****************
 Defined at:
		line 17 in file "C:\Program Files (x86)\Microchip\xc8\v2.05\pic\sources\c90\common\itoa.c"
 Parameters:    Size  Location     Type
  buf             1    wreg     PTR unsigned char 
		 -> buff(8), 
  val             2    3[BANK0 ] unsigned int 
  base            2    5[BANK0 ] int 
 Auto vars:     Size  Location     Type
  buf             1   11[BANK0 ] PTR unsigned char 
		 -> buff(8), 
  v               2    8[BANK0 ] unsigned int 
  c               1   10[BANK0 ] unsigned char 
 Return value:  Size  Location     Type
                  1    wreg      PTR unsigned char 
 Registers used:
		wreg, fsr0l, fsr0h, status,2, status,0, pclath, cstack
 Tracked objects:
		On entry : 
		On exit  : 
		Unchanged: 
 Data sizes:     COMMON   BANK0   BANK1   BANK3   BANK2
      Params:         0       4       0       0       0
      Locals:         0       4       0       0       0
      Temps:          0       1       0       0       0
      Totals:         0       9       0       0       0
Total ram usage:        9 bytes
 Hardware stack levels used:    1
 Hardware stack levels required when called:    2
 This function calls:
		___lwdiv
		___lwmod
 This function is called by:
		_itoa
 This function uses a non-reentrant model


 *************** function ___lwmod *****************
 Defined at:
		line 5 in file "C:\Program Files (x86)\Microchip\xc8\v2.05\pic\sources\c90\common\lwmod.c"
 Parameters:    Size  Location     Type
  divisor         2    3[COMMON] unsigned int 
  dividend        2    5[COMMON] unsigned int 
 Auto vars:     Size  Location     Type
  counter         1    8[COMMON] unsigned char 
 Return value:  Size  Location     Type
                  2    3[COMMON] unsigned int 
 Registers used:
		wreg, status,2, status,0
 Tracked objects:
		On entry : 
		On exit  : 
		Unchanged: 
 Data sizes:     COMMON   BANK0   BANK1   BANK3   BANK2
      Params:         4       0       0       0       0
      Locals:         1       0       0       0       0
      Temps:          1       0       0       0       0
      Totals:         6       0       0       0       0
Total ram usage:        6 bytes
 Hardware stack levels used:    1
 Hardware stack levels required when called:    1
 This function calls:
		Nothing
 This function is called by:
		_utoa
 This function uses a non-reentrant model


 *************** function ___lwdiv *****************
 Defined at:
		line 5 in file "C:\Program Files (x86)\Microchip\xc8\v2.05\pic\sources\c90\common\lwdiv.c"
 Parameters:    Size  Location     Type
  divisor         2    3[COMMON] unsigned int 
  dividend        2    5[COMMON] unsigned int 
 Auto vars:     Size  Location     Type
  quotient        2    1[BANK0 ] unsigned int 
  counter         1    0[BANK0 ] unsigned char 
 Return value:  Size  Location     Type
                  2    3[COMMON] unsigned int 
 Registers used:
		wreg, status,2, status,0
 Tracked objects:
		On entry : 
		On exit  : 
		Unchanged: 
 Data sizes:     COMMON   BANK0   BANK1   BANK3   BANK2
      Params:         4       0       0       0       0
      Locals:         0       3       0       0       0
      Temps:          1       0       0       0       0
      Totals:         5       3       0       0       0
Total ram usage:        8 bytes
 Hardware stack levels used:    1
 Hardware stack levels required when called:    1
 This function calls:
		Nothing
 This function is called by:
		_utoa
 This function uses a non-reentrant model


 *************** function _lcd_init *****************
 Defined at:
		line 208 in file "newmain.c"
 Parameters:    Size  Location     Type
		None
 Auto vars:     Size  Location     Type
		None
 Return value:  Size  Location     Type
                  1    wreg      void 
 Registers used:
		wreg, status,2, status,0, pclath, cstack
 Tracked objects:
		On entry : 
		On exit  : 
		Unchanged: 
 Data sizes:     COMMON   BANK0   BANK1   BANK3   BANK2
      Params:         0       0       0       0       0
      Locals:         0       0       0       0       0
      Temps:          2       0       0       0       0
      Totals:         2       0       0       0       0
Total ram usage:        2 bytes
 Hardware stack levels used:    1
 Hardware stack levels required when called:    3
 This function calls:
		_data_write
		_lcd_cmd
 This function is called by:
		_main
 This function uses a non-reentrant model


 *************** function _lcd_clear *****************
 Defined at:
		line 257 in file "newmain.c"
 Parameters:    Size  Location     Type
		None
 Auto vars:     Size  Location     Type
		None
 Return value:  Size  Location     Type
                  1    wreg      void 
 Registers used:
		wreg, status,2, status,0, pclath, cstack
 Tracked objects:
		On entry : 
		On exit  : 
		Unchanged: 
 Data sizes:     COMMON   BANK0   BANK1   BANK3   BANK2
      Params:         0       0       0       0       0
      Locals:         0       0       0       0       0
      Temps:          2       0       0       0       0
      Totals:         2       0       0       0       0
Total ram usage:        2 bytes
 Hardware stack levels used:    1
 Hardware stack levels required when called:    3
 This function calls:
		_lcd_cmd
 This function is called by:
		_main
 This function uses a non-reentrant model


 *************** function _lcd_cmd *****************
 Defined at:
		line 198 in file "newmain.c"
 Parameters:    Size  Location     Type
  data            1    wreg     unsigned char 
 Auto vars:     Size  Location     Type
  data            1    6[COMMON] unsigned char 
 Return value:  Size  Location     Type
                  1    wreg      void 
 Registers used:
		wreg, status,2, status,0, pclath, cstack
 Tracked objects:
		On entry : 
		On exit  : 
		Unchanged: 
 Data sizes:     COMMON   BANK0   BANK1   BANK3   BANK2
      Params:         0       0       0       0       0
      Locals:         1       0       0       0       0
      Temps:          1       0       0       0       0
      Totals:         2       0       0       0       0
Total ram usage:        2 bytes
 Hardware stack levels used:    1
 Hardware stack levels required when called:    2
 This function calls:
		_data_write
 This function is called by:
		_lcd_init
		_lcd_clear
		_main
 This function uses a non-reentrant model


 *************** function _data_write *****************
 Defined at:
		line 171 in file "newmain.c"
 Parameters:    Size  Location     Type
  data            1    wreg     unsigned char 
 Auto vars:     Size  Location     Type
  data            1    4[COMMON] unsigned char 
 Return value:  Size  Location     Type
                  1    wreg      void 
 Registers used:
		wreg
 Tracked objects:
		On entry : 
		On exit  : 
		Unchanged: 
 Data sizes:     COMMON   BANK0   BANK1   BANK3   BANK2
      Params:         0       0       0       0       0
      Locals:         1       0       0       0       0
      Temps:          1       0       0       0       0
      Totals:         2       0       0       0       0
Total ram usage:        2 bytes
 Hardware stack levels used:    1
 Hardware stack levels required when called:    1
 This function calls:
		Nothing
 This function is called by:
		_lcd_data
		_lcd_cmd
		_lcd_init
 This function uses a non-reentrant model


 *************** function ___lmul *****************
 Defined at:
		line 15 in file "C:\Program Files (x86)\Microchip\xc8\v2.05\pic\sources\c90\common\Umul32.c"
 Parameters:    Size  Location     Type
  multiplier      4    0[BANK0 ] unsigned long 
  multiplicand    4    4[BANK0 ] unsigned long 
 Auto vars:     Size  Location     Type
  product         4    4[COMMON] unsigned long 
 Return value:  Size  Location     Type
                  4    0[BANK0 ] unsigned long 
 Registers used:
		wreg, status,2, status,0
 Tracked objects:
		On entry : 
		On exit  : 
		Unchanged: 
 Data sizes:     COMMON   BANK0   BANK1   BANK3   BANK2
      Params:         0       8       0       0       0
      Locals:         4       0       0       0       0
      Temps:          1       0       0       0       0
      Totals:         5       8       0       0       0
Total ram usage:       13 bytes
 Hardware stack levels used:    1
 Hardware stack levels required when called:    1
 This function calls:
		Nothing
 This function is called by:
		_main
 This function uses a non-reentrant model


 *************** function _DDS_init *****************
 Defined at:
		line 158 in file "newmain.c"
 Parameters:    Size  Location     Type
		None
 Auto vars:     Size  Location     Type
		None
 Return value:  Size  Location     Type
                  1    wreg      void 
 Registers used:
		wreg, status,2, status,0, pclath, cstack
 Tracked objects:
		On entry : 
		On exit  : 
		Unchanged: 
 Data sizes:     COMMON   BANK0   BANK1   BANK3   BANK2
      Params:         0       0       0       0       0
      Locals:         0       0       0       0       0
      Temps:          0       0       0       0       0
      Totals:         0       0       0       0       0
Total ram usage:        0 bytes
 Hardware stack levels used:    1
 Hardware stack levels required when called:    3
 This function calls:
		_freq_write
		_phase_write
		_spi_write
 This function is called by:
		_main
 This function uses a non-reentrant model


 *************** function _phase_write *****************
 Defined at:
		line 141 in file "newmain.c"
 Parameters:    Size  Location     Type
  input           4    0[BANK0 ] unsigned long 
 Auto vars:     Size  Location     Type
		None
 Return value:  Size  Location     Type
                  1    wreg      void 
 Registers used:
		wreg, status,2, status,0, pclath, cstack
 Tracked objects:
		On entry : 
		On exit  : 
		Unchanged: 
 Data sizes:     COMMON   BANK0   BANK1   BANK3   BANK2
      Params:         0       4       0       0       0
      Locals:         0       0       0       0       0
      Temps:          0       4       0       0       0
      Totals:         0       8       0       0       0
Total ram usage:        8 bytes
 Hardware stack levels used:    1
 Hardware stack levels required when called:    2
 This function calls:
		_spi_write
 This function is called by:
		_DDS_init
 This function uses a non-reentrant model


 *************** function _freq_write *****************
 Defined at:
		line 98 in file "newmain.c"
 Parameters:    Size  Location     Type
  input           4    0[BANK0 ] unsigned long 
  reg             1    4[BANK0 ] unsigned char 
 Auto vars:     Size  Location     Type
		None
 Return value:  Size  Location     Type
                  1    wreg      void 
 Registers used:
		wreg, status,2, status,0, pclath, cstack
 Tracked objects:
		On entry : 
		On exit  : 
		Unchanged: 
 Data sizes:     COMMON   BANK0   BANK1   BANK3   BANK2
      Params:         0       5       0       0       0
      Locals:         0       0       0       0       0
      Temps:          0       4       0       0       0
      Totals:         0       9       0       0       0
Total ram usage:        9 bytes
 Hardware stack levels used:    1
 Hardware stack levels required when called:    2
 This function calls:
		_spi_write
 This function is called by:
		_DDS_init
		_main
 This function uses a non-reentrant model


 *************** function _spi_write *****************
 Defined at:
		line 76 in file "newmain.c"
 Parameters:    Size  Location     Type
  data            2    3[COMMON] unsigned int 
 Auto vars:     Size  Location     Type
  i               1    6[COMMON] unsigned char 
 Return value:  Size  Location     Type
                  1    wreg      void 
 Registers used:
		wreg, status,2, status,0
 Tracked objects:
		On entry : 
		On exit  : 
		Unchanged: 
 Data sizes:     COMMON   BANK0   BANK1   BANK3   BANK2
      Params:         2       0       0       0       0
      Locals:         1       0       0       0       0
      Temps:          1       0       0       0       0
      Totals:         4       0       0       0       0
Total ram usage:        4 bytes
 Hardware stack levels used:    1
 Hardware stack levels required when called:    1
 This function calls:
		Nothing
 This function is called by:
		_freq_write
		_phase_write
		_DDS_init
		_main
 This function uses a non-reentrant model


 *************** function _ISR *****************
 Defined at:
		line 276 in file "newmain.c"
 Parameters:    Size  Location     Type
		None
 Auto vars:     Size  Location     Type
		None
 Return value:  Size  Location     Type
                  1    wreg      void 
 Registers used:
		wreg, status,2, status,0
 Tracked objects:
		On entry : 
		On exit  : 
		Unchanged: 
 Data sizes:     COMMON   BANK0   BANK1   BANK3   BANK2
      Params:         0       0       0       0       0
      Locals:         0       0       0       0       0
      Temps:          3       0       0       0       0
      Totals:         3       0       0       0       0
Total ram usage:        3 bytes
 Hardware stack levels used:    1
 This function calls:
		Nothing
 This function is called by:
		Interrupt level 1
 This function uses a non-reentrant model



MODULE INFORMATION

Module		Function		Class		Link	Load	Size
C:\Program Files (x86)\Microchip\xc8\v2.05\pic\sources\c90\common\itoa.c
		_itoa          		CODE           	0DFB	0000	35
		_utoa          		CODE           	0F94	0000	109

C:\Program Files (x86)\Microchip\xc8\v2.05\pic\sources\c90\common\itoa.c estimated size: 144

C:\Program Files (x86)\Microchip\xc8\v2.05\pic\sources\c90\common\lwdiv.c
		___lwdiv       		CODE           	0F15	0000	63

C:\Program Files (x86)\Microchip\xc8\v2.05\pic\sources\c90\common\lwdiv.c estimated size: 63

newmain.c
		_DDS_init      		CODE           	0795	0000	75
		_lcd_cmd       		CODE           	0DDA	0000	34
		_ISR           		CODE           	046A	0000	502
		_lcd_data      		CODE           	07DF	0000	34
		_data_write    		CODE           	0E1D	0000	45
		_main          		CODE           	0024	0000	1095
		_spi_write     		CODE           	0EA8	0000	53
		_freq_write    		CODE           	065F	0000	160
		_lcd_clear     		CODE           	0DB2	0000	17
		_phase_write   		CODE           	0EDC	0000	58
		_send_string   		CODE           	0E49	0000	46
		_send_int      		CODE           	0DC2	0000	25
		_lcd_init      		CODE           	06FE	0000	152

newmain.c estimated size: 2296

shared
		__stringtab    		STRING         	0800	0000	17
		__initialization		CODE           	000F	0000	18

shared estimated size: 35

C:\Program Files (x86)\Microchip\xc8\v2.05\pic\sources\c90\common\Umul32.c
		___lmul        		CODE           	0F53	0000	66

C:\Program Files (x86)\Microchip\xc8\v2.05\pic\sources\c90\common\Umul32.c estimated size: 66

C:\Program Files (x86)\Microchip\xc8\v2.05\pic\sources\c90\common\lwmod.c
		___lwmod       		CODE           	0E76	0000	51

C:\Program Files (x86)\Microchip\xc8\v2.05\pic\sources\c90\common\lwmod.c estimated size: 51

