Microchip MPLAB XC8 Compiler V2.00 ()

Linker command line:

-W-3 --edf=C:\Program Files (x86)\Microchip\xc8\v2.00\pic\dat\en_msgs.txt \
  -cs -h+dist/default/production\Func_gen.X.production.sym \
  --cmf=dist/default/production\Func_gen.X.production.cmf -z -Q16LF872 \
  -oC:\Users\LENOVO\AppData\Local\Temp\sg40.2 --defsym=__MPLAB_BUILD=1 \
  -Mdist/default/production/Func_gen.X.production.map -E1 -ver=XC8 \
  --acfsm=1493 -ASTACK=0A8h-0bfh -pstack=STACK -ACODE=00h-07FFh \
  -ASTRCODE=00h-07FFh -ASTRING=00h-0FFhx8 -ACONST=00h-0FFhx8 \
  -AENTRY=00h-0FFhx8 -ACOMMON=070h-07Fh -ABANK0=020h-06Fh -ABANK1=0A0h-0BFh \
  -ARAM=020h-06Fh,0A0h-0BFh -AABS1=020h-07Fh,0A0h-0BFh -ASFR0=00h-01Fh \
  -ASFR1=080h-09Fh -ASFR2=0100h-016Fh -ASFR3=0180h-01EFh \
  -preset_vec=00h,intentry=04h,init,end_init -ppowerup=CODE -pcinit=CODE \
  -pfunctab=ENTRY -ACONFIG=02007h-02007h -pconfig=CONFIG -DCONFIG=2 \
  -AIDLOC=02000h-02003h -pidloc=IDLOC -DIDLOC=2 -AEEDATA=00h-03Fh/02100h \
  -peeprom_data=EEDATA -DEEDATA=2 -DCODE=2 -DSTRCODE=2 -DSTRING=2 -DCONST=2 \
  -DENTRY=2 -k C:\Users\LENOVO\AppData\Local\Temp\sg40.o \
  dist/default/production\Func_gen.X.production.o 

Object code version is 3.11

Machine type is 16LF872



                Name                               Link     Load   Length Selector   Space Scale
C:\Users\LENOVO\AppData\Local\Temp\sg40.o
                end_init                              A        A        1        8       0
                reset_vec                             0        0        1        0       0
                config                             2007     2007        1     400E       0
dist/default/production\Func_gen.X.production.o
                cinit                                 B        B        B        8       0
                intentry                              4        4        6        8       0
                text17                              27B      27B      18D        8       0
                text16                              579      579       42        8       0
                text15                              5FC      5FC       3F        8       0
                text14                              6B1      6B1       22        8       0
                text13                              4E2      4E2       4C        8       0
                text12                              663      663       28        8       0
                text11                              6D3      6D3       21        8       0
                text10                              736      736       1B      E36       0
                text9                               763      763        C      E36       0
                text8                               408      408       6F        8       0
                text7                               52E      52E       4B        8       0
                text6                               5BB      5BB       41        8       0
                text5                               477      477       6B        8       0
                text4                               63B      63B       28        8       0
                text3                               71B      71B       1B      E36       0
                text2                               68B      68B       26        8       0
                text1                               751      751       12      E36       0
                maintext                             16       16      265        8       0
                cstackBANK0                          20       20       22       20       1
                cstackCOMMON                         70       70        B       70       1
                clrtext                             76F      76F        8      E36       0
                bssBANK1                             A0       A0        8       A0       1
                bssBANK0                             42       42       1B       20       1
                strings                             700      700       1B      E00       0
                nvBANK0                              5D       5D       10       20       1

TOTAL           Name                               Link     Load   Length     Space
        CLASS   STACK          

        CLASS   CODE           
                end_init                              A        A        1         0
                cinit                                 B        B        B         0
                intentry                              4        4        6         0
                reset_vec                             0        0        1         0
                text17                              27B      27B      18D         0
                text16                              579      579       42         0
                text15                              5FC      5FC       3F         0
                text14                              6B1      6B1       22         0
                text13                              4E2      4E2       4C         0
                text12                              663      663       28         0
                text11                              6D3      6D3       21         0
                text10                              736      736       1B         0
                text9                               763      763        C         0
                text8                               408      408       6F         0
                text7                               52E      52E       4B         0
                text6                               5BB      5BB       41         0
                text5                               477      477       6B         0
                text4                               63B      63B       28         0
                text3                               71B      71B       1B         0
                text2                               68B      68B       26         0
                text1                               751      751       12         0
                maintext                             16       16      265         0
                clrtext                             76F      76F        8         0

        CLASS   STRCODE        

        CLASS   STRING         
                strings                             700      700       1B         0

        CLASS   CONST          

        CLASS   ENTRY          

        CLASS   COMMON         
                cstackCOMMON                         70       70        B         1

        CLASS   BANK0          
                cstackBANK0                          20       20       22         1
                bssBANK0                             42       42       1B         1
                nvBANK0                              5D       5D       10         1

        CLASS   BANK1          
                bssBANK1                             A0       A0        8         1

        CLASS   RAM            

        CLASS   ABS1           
                abs_s1                               7E       7E        2         1

        CLASS   SFR0           

        CLASS   SFR1           

        CLASS   SFR2           

        CLASS   SFR3           

        CLASS   CONFIG         
                config                             2007     2007        1         0

        CLASS   IDLOC          

        CLASS   EEDATA         

        CLASS   BANK3          

        CLASS   BANK2          



SEGMENTS        Name                           Load    Length   Top    Selector   Space  Class     Delta

                reset_vec                      000000  000001  000001         0       0  CODE        2
                intentry                       000004  0006F0  0006F4         8       0  CODE        2
                cstackBANK0                    000020  00004D  00006D        20       1  BANK0       1
                cstackCOMMON                   000070  00000B  00007B        70       1  COMMON      1
                bssBANK1                       0000A0  000008  0000A8        A0       1  BANK1       1
                strings                        000700  00001B  00071B       E00       0  STRING      2
                text3                          00071B  00005C  000777       E36       0  CODE        2
                config                         002007  000001  002008      400E       0  CONFIG      2


UNUSED ADDRESS RANGES

        Name                Unused          Largest block    Delta
        BANK0            006D-006F              3           1
        BANK1            00A8-00BF             18           1
        CODE             0001-0003              3           2
                         06F4-06FF              C
                         0777-07FF             89
        COMMON           007B-007D              3           1
        CONST            0001-0003              3           2
                         06F4-06FF              C
                         0777-07FF             89
        EEDATA           2100-213F             40           2
        ENTRY            0001-0003              3           2
                         06F4-06FF              C
                         0777-07FF             89
        IDLOC            2000-2003              4           2
        RAM              006D-006F              3           1
                         00A8-00BF             18
        SFR0             0000-001F             20           1
        SFR1             0080-009F             20           1
        SFR2             0100-016F             70           1
        SFR3             0180-01EF             70           1
        STACK            00A8-00BF             18           1
        STRCODE          0001-0003              3           2
                         06F4-06FF              C
                         0777-07FF             89
        STRING           0001-0003              3           2
                         06F4-06FF              C
                         0777-07FF             89

                                  Symbol Table

?___lmul                 cstackCOMMON 0073
?___lwdiv                cstackCOMMON 0073
?___lwmod                cstackCOMMON 0073
?___wmul                 cstackCOMMON 0073
DDS@input                cstackBANK0  0020
DDS@reg                  cstackBANK0  0024
_DDS                     text15       05FC
_DDS_init                text14       06B1
_F_FREQ                  bssBANK0     0053
_GIE                     (abs)        005F
_INTE                    (abs)        005C
_INTEDG                  (abs)        040E
_INTF                    (abs)        0059
_ISR                     text17       027B
_PEIE                    (abs)        005E
_PHASE                   nvBANK0      0065
_PORTB                   (abs)        0006
_RB1                     (abs)        0031
_RB2                     (abs)        0032
_RB3                     (abs)        0033
_RB4                     (abs)        0034
_RB5                     (abs)        0035
_RC2                     (abs)        003A
_RC3                     (abs)        003B
_RC4                     (abs)        003C
_RC5                     (abs)        003D
_RC6                     (abs)        003E
_RC7                     (abs)        003F
_RESET                   nvBANK0      006B
_SET_0                   nvBANK0      0069
_SET_1                   nvBANK0      0067
_TRISB0                  (abs)        0430
_TRISB1                  (abs)        0431
_TRISB2                  (abs)        0432
_TRISB3                  (abs)        0433
_TRISB4                  (abs)        0434
_TRISB5                  (abs)        0435
_TRISC1                  (abs)        0439
_TRISC2                  (abs)        043A
_TRISC3                  (abs)        043B
_TRISC4                  (abs)        043C
_TRISC5                  (abs)        043D
_TRISC6                  (abs)        043E
_TRISC7                  (abs)        043F
__CFG_BOREN$ON           (abs)        0000
__CFG_CP$OFF             (abs)        0000
__CFG_CPD$OFF            (abs)        0000
__CFG_FOSC$HS            (abs)        0000
__CFG_LVP$OFF            (abs)        0000
__CFG_PWRTE$OFF          (abs)        0000
__CFG_WDTE$OFF           (abs)        0000
__CFG_WRT$ALL            (abs)        0000
__Habs1                  abs1         0000
__Hbank0                 bank0        0000
__Hbank1                 bank1        0000
__Hbank2                 bank2        0000
__Hbank3                 bank3        0000
__HbssBANK0              bssBANK0     0000
__HbssBANK1              bssBANK1     0000
__Hcinit                 cinit        0016
__Hclrtext               clrtext      0000
__Hcode                  code         0000
__Hcommon                common       0000
__Hconfig                config       2008
__HcstackBANK0           cstackBANK0  0000
__HcstackCOMMON          cstackCOMMON 0000
__Heeprom_data           eeprom_data  0000
__Hend_init              end_init     000B
__Hfunctab               functab      0000
__Hidloc                 idloc        0000
__Hinit                  init         000A
__Hintentry              intentry     000A
__Hmaintext              maintext     0000
__HnvBANK0               nvBANK0      0000
__Hpowerup               powerup      0000
__Hram                   ram          0000
__Hreset_vec             reset_vec    0001
__Hsfr0                  sfr0         0000
__Hsfr1                  sfr1         0000
__Hsfr2                  sfr2         0000
__Hsfr3                  sfr3         0000
__Hspace_0               (abs)        2008
__Hspace_1               (abs)        00A8
__Hspace_2               (abs)        0000
__Hspace_3               (abs)        0000
__Hstack                 stack        0000
__Hstrings               strings      0000
__Htext                  text         0000
__Labs1                  abs1         0000
__Lbank0                 bank0        0000
__Lbank1                 bank1        0000
__Lbank2                 bank2        0000
__Lbank3                 bank3        0000
__LbssBANK0              bssBANK0     0000
__LbssBANK1              bssBANK1     0000
__Lcinit                 cinit        000B
__Lclrtext               clrtext      0000
__Lcode                  code         0000
__Lcommon                common       0000
__Lconfig                config       2007
__LcstackBANK0           cstackBANK0  0000
__LcstackCOMMON          cstackCOMMON 0000
__Leeprom_data           eeprom_data  0000
__Lend_init              end_init     000A
__Lfunctab               functab      0000
__Lidloc                 idloc        0000
__Linit                  init         000A
__Lintentry              intentry     0004
__Lmaintext              maintext     0000
__LnvBANK0               nvBANK0      0000
__Lpowerup               powerup      0000
__Lram                   ram          0000
__Lreset_vec             reset_vec    0000
__Lsfr0                  sfr0         0000
__Lsfr1                  sfr1         0000
__Lsfr2                  sfr2         0000
__Lsfr3                  sfr3         0000
__Lspace_0               (abs)        0000
__Lspace_1               (abs)        0000
__Lspace_2               (abs)        0000
__Lspace_3               (abs)        0000
__Lstack                 stack        0000
__Lstrings               strings      0000
__Ltext                  text         0000
__S0                     (abs)        2008
__S1                     (abs)        00A8
__S2                     (abs)        0000
__S3                     (abs)        0000
___int_sp                stack        0000
___latbits               (abs)        0000
___lmul                  text13       04E2
___lmul@multiplicand     cstackCOMMON 0077
___lmul@multiplier       cstackCOMMON 0073
___lmul@product          cstackBANK0  0021
___lwdiv                 text7        052E
___lwdiv@counter         cstackCOMMON 007A
___lwdiv@dividend        cstackCOMMON 0075
___lwdiv@divisor         cstackCOMMON 0073
___lwdiv@quotient        cstackCOMMON 0078
___lwmod                 text6        05BB
___lwmod@counter         cstackCOMMON 0078
___lwmod@dividend        cstackCOMMON 0075
___lwmod@divisor         cstackCOMMON 0073
___sp                    stack        0000
___wmul                  text12       0663
___wmul@multiplicand     cstackCOMMON 0075
___wmul@multiplier       cstackCOMMON 0073
___wmul@product          cstackCOMMON 0077
__end_of_DDS             text15       063B
__end_of_DDS_init        text14       06D3
__end_of_ISR             text17       0408
__end_of___lmul          text13       052E
__end_of___lwdiv         text7        0579
__end_of___lwmod         text6        05FC
__end_of___wmul          text12       068B
__end_of__initialization cinit        0014
__end_of__stringtab      strings      0710
__end_of_data_write      text11       06F4
__end_of_itoa            text4        0663
__end_of_lcd_clear       text9        076F
__end_of_lcd_cmd         text10       0751
__end_of_lcd_data        text3        0736
__end_of_lcd_init        text8        0477
__end_of_main            maintext     027B
__end_of_send_int        text1        0763
__end_of_send_string     text2        06B1
__end_of_spi_write       text16       05BB
__end_of_utoa            text5        04E2
__initialization         cinit        000B
__pbssBANK0              bssBANK0     0042
__pbssBANK1              bssBANK1     00A0
__pcstackBANK0           cstackBANK0  0020
__pcstackCOMMON          cstackCOMMON 0070
__pintentry              intentry     0004
__pmaintext              maintext     0016
__pnvBANK0               nvBANK0      005D
__pstrings               strings      0700
__ptext1                 text1        0751
__ptext10                text10       0736
__ptext11                text11       06D3
__ptext12                text12       0663
__ptext13                text13       04E2
__ptext14                text14       06B1
__ptext15                text15       05FC
__ptext16                text16       0579
__ptext17                text17       027B
__ptext2                 text2        068B
__ptext3                 text3        071B
__ptext4                 text4        063B
__ptext5                 text5        0477
__ptext6                 text6        05BB
__ptext7                 text7        052E
__ptext8                 text8        0408
__ptext9                 text9        0763
__size_of_DDS            (abs)        0000
__size_of_DDS_init       (abs)        0000
__size_of_ISR            (abs)        0000
__size_of___lmul         (abs)        0000
__size_of___lwdiv        (abs)        0000
__size_of___lwmod        (abs)        0000
__size_of___wmul         (abs)        0000
__size_of_data_write     (abs)        0000
__size_of_itoa           (abs)        0000
__size_of_lcd_clear      (abs)        0000
__size_of_lcd_cmd        (abs)        0000
__size_of_lcd_data       (abs)        0000
__size_of_lcd_init       (abs)        0000
__size_of_main           (abs)        0000
__size_of_send_int       (abs)        0000
__size_of_send_string    (abs)        0000
__size_of_spi_write      (abs)        0000
__size_of_utoa           (abs)        0000
__stringbase             strings      070F
__stringtab              strings      0700
_buff                    bssBANK1     00A0
_cursor_dir              bssBANK0     0052
_data_write              text11       06D3
_freq                    bssBANK0     0046
_freqLSB                 bssBANK0     004E
_freqMSB                 bssBANK0     0050
_itoa                    text4        063B
_last_freq               nvBANK0      0061
_last_val0               bssBANK0     0058
_last_val1               bssBANK0     0057
_last_val2               bssBANK0     0056
_last_val3               bssBANK0     0055
_last_val4               bssBANK0     0054
_lcd_clear               text9        0763
_lcd_cmd                 text10       0736
_lcd_data                text3        071B
_lcd_init                text8        0408
_main                    maintext     0016
_pos                     bssBANK0     0059
_send_int                text1        0751
_send_string             text2        068B
_spi_write               text16       0579
_utoa                    text5        0477
_val0                    nvBANK0      005D
_val1                    bssBANK0     0042
_val2                    bssBANK0     005C
_val3                    bssBANK0     005B
_val4                    bssBANK0     005A
btemp                    (abs)        007E
clear_ram0               clrtext      076F
data_write@data          cstackCOMMON 0074
end_of_initialization    cinit        0014
interrupt_function       intentry     0004
intlevel0                functab      0000
intlevel1                functab      0000
intlevel2                functab      0000
intlevel3                functab      0000
intlevel4                functab      0000
intlevel5                functab      0000
itoa@base                cstackBANK0  002B
itoa@buf                 cstackBANK0  002F
itoa@cp                  cstackBANK0  002E
itoa@val                 cstackBANK0  0029
lcd_cmd@data             cstackCOMMON 0076
lcd_data@data            cstackCOMMON 0076
reset_vec                reset_vec    0000
saved_w                  (abs)        007E
send_int@data            cstackBANK0  0030
send_string@i            cstackCOMMON 0079
send_string@s            cstackCOMMON 0077
spi_write@data           cstackCOMMON 0073
spi_write@i              cstackCOMMON 0076
stackhi                  (abs)        0000
stacklo                  (abs)        0000
start                    init         000A
start_initialization     cinit        000B
utoa@base                cstackBANK0  0022
utoa@buf                 cstackBANK0  0028
utoa@c                   cstackBANK0  0027
utoa@v                   cstackBANK0  0025
utoa@val                 cstackBANK0  0020
wtemp0                   (abs)        007E


FUNCTION INFORMATION:

 *************** function _main *****************
 Defined at:
		line 256 in file "newmain.c"
 Parameters:    Size  Location     Type
		None
 Auto vars:     Size  Location     Type
		None
 Return value:  Size  Location     Type
                  1    wreg      void 
 Registers used:
		wreg, fsr0l, fsr0h, status,2, status,0, btemp+1, pclath, cstack
 Tracked objects:
		On entry : 
		On exit  : 
		Unchanged: 
 Data sizes:     COMMON   BANK0   BANK1
      Params:         0       0       0
      Locals:         0       0       0
      Temps:          0      16       0
      Totals:         0      16       0
Total ram usage:       16 bytes
 Hardware stack levels required when called:    5
 This function calls:
		_DDS
		_DDS_init
		___lmul
		___wmul
		_lcd_clear
		_lcd_cmd
		_lcd_init
		_send_int
		_send_string
		_spi_write
 This function is called by:
		Startup code after reset
 This function uses a non-reentrant model


 *************** function _send_int *****************
 Defined at:
		line 200 in file "newmain.c"
 Parameters:    Size  Location     Type
  data            2   16[BANK0 ] int 
 Auto vars:     Size  Location     Type
		None
 Return value:  Size  Location     Type
                  1    wreg      void 
 Registers used:
		wreg, fsr0l, fsr0h, status,2, status,0, btemp+1, pclath, cstack
 Tracked objects:
		On entry : 
		On exit  : 
		Unchanged: 
 Data sizes:     COMMON   BANK0   BANK1
      Params:         0       2       0
      Locals:         0       0       0
      Temps:          0       0       0
      Totals:         0       2       0
Total ram usage:        2 bytes
 Hardware stack levels used:    1
 Hardware stack levels required when called:    4
 This function calls:
		_itoa
		_send_string
 This function is called by:
		_main
 This function uses a non-reentrant model


 *************** function _send_string *****************
 Defined at:
		line 193 in file "newmain.c"
 Parameters:    Size  Location     Type
  s               2    7[COMMON] PTR const unsigned char 
		 -> STR_2(4), STR_1(7), buff(8), 
 Auto vars:     Size  Location     Type
  i               2    9[COMMON] unsigned int 
 Return value:  Size  Location     Type
                  1    wreg      void 
 Registers used:
		wreg, fsr0l, fsr0h, status,2, status,0, btemp+1, pclath, cstack
 Tracked objects:
		On entry : 
		On exit  : 
		Unchanged: 
 Data sizes:     COMMON   BANK0   BANK1
      Params:         2       0       0
      Locals:         2       0       0
      Temps:          0       0       0
      Totals:         4       0       0
Total ram usage:        4 bytes
 Hardware stack levels used:    1
 Hardware stack levels required when called:    3
 This function calls:
		_lcd_data
 This function is called by:
		_send_int
		_main
 This function uses a non-reentrant model


 *************** function _lcd_data *****************
 Defined at:
		line 125 in file "newmain.c"
 Parameters:    Size  Location     Type
  data            1    wreg     unsigned char 
 Auto vars:     Size  Location     Type
  data            1    6[COMMON] unsigned char 
 Return value:  Size  Location     Type
                  1    wreg      void 
 Registers used:
		wreg, status,2, status,0, pclath, cstack
 Tracked objects:
		On entry : 
		On exit  : 
		Unchanged: 
 Data sizes:     COMMON   BANK0   BANK1
      Params:         0       0       0
      Locals:         1       0       0
      Temps:          1       0       0
      Totals:         2       0       0
Total ram usage:        2 bytes
 Hardware stack levels used:    1
 Hardware stack levels required when called:    2
 This function calls:
		_data_write
 This function is called by:
		_send_string
 This function uses a non-reentrant model


 *************** function _itoa *****************
 Defined at:
		line 4 in file "C:\Program Files (x86)\Microchip\xc8\v2.00\pic\sources\c90\common\itoa.c"
 Parameters:    Size  Location     Type
  buf             1    wreg     PTR unsigned char 
		 -> buff(8), 
  val             2    9[BANK0 ] int 
  base            2   11[BANK0 ] int 
 Auto vars:     Size  Location     Type
  buf             1   15[BANK0 ] PTR unsigned char 
		 -> buff(8), 
  cp              1   14[BANK0 ] PTR unsigned char 
		 -> buff(8), 
 Return value:  Size  Location     Type
                  1    wreg      PTR unsigned char 
 Registers used:
		wreg, fsr0l, fsr0h, status,2, status,0, pclath, cstack
 Tracked objects:
		On entry : 
		On exit  : 
		Unchanged: 
 Data sizes:     COMMON   BANK0   BANK1
      Params:         0       4       0
      Locals:         0       2       0
      Temps:          0       1       0
      Totals:         0       7       0
Total ram usage:        7 bytes
 Hardware stack levels used:    1
 Hardware stack levels required when called:    3
 This function calls:
		_utoa
 This function is called by:
		_send_int
 This function uses a non-reentrant model


 *************** function _utoa *****************
 Defined at:
		line 17 in file "C:\Program Files (x86)\Microchip\xc8\v2.00\pic\sources\c90\common\itoa.c"
 Parameters:    Size  Location     Type
  buf             1    wreg     PTR unsigned char 
		 -> buff(8), 
  val             2    0[BANK0 ] unsigned int 
  base            2    2[BANK0 ] int 
 Auto vars:     Size  Location     Type
  buf             1    8[BANK0 ] PTR unsigned char 
		 -> buff(8), 
  v               2    5[BANK0 ] unsigned int 
  c               1    7[BANK0 ] unsigned char 
 Return value:  Size  Location     Type
                  1    wreg      PTR unsigned char 
 Registers used:
		wreg, fsr0l, fsr0h, status,2, status,0, pclath, cstack
 Tracked objects:
		On entry : 
		On exit  : 
		Unchanged: 
 Data sizes:     COMMON   BANK0   BANK1
      Params:         0       4       0
      Locals:         0       4       0
      Temps:          0       1       0
      Totals:         0       9       0
Total ram usage:        9 bytes
 Hardware stack levels used:    1
 Hardware stack levels required when called:    2
 This function calls:
		___lwdiv
		___lwmod
 This function is called by:
		_itoa
 This function uses a non-reentrant model


 *************** function ___lwmod *****************
 Defined at:
		line 5 in file "C:\Program Files (x86)\Microchip\xc8\v2.00\pic\sources\c90\common\lwmod.c"
 Parameters:    Size  Location     Type
  divisor         2    3[COMMON] unsigned int 
  dividend        2    5[COMMON] unsigned int 
 Auto vars:     Size  Location     Type
  counter         1    8[COMMON] unsigned char 
 Return value:  Size  Location     Type
                  2    3[COMMON] unsigned int 
 Registers used:
		wreg, status,2, status,0
 Tracked objects:
		On entry : 
		On exit  : 
		Unchanged: 
 Data sizes:     COMMON   BANK0   BANK1
      Params:         4       0       0
      Locals:         1       0       0
      Temps:          1       0       0
      Totals:         6       0       0
Total ram usage:        6 bytes
 Hardware stack levels used:    1
 Hardware stack levels required when called:    1
 This function calls:
		Nothing
 This function is called by:
		_utoa
 This function uses a non-reentrant model


 *************** function ___lwdiv *****************
 Defined at:
		line 5 in file "C:\Program Files (x86)\Microchip\xc8\v2.00\pic\sources\c90\common\lwdiv.c"
 Parameters:    Size  Location     Type
  divisor         2    3[COMMON] unsigned int 
  dividend        2    5[COMMON] unsigned int 
 Auto vars:     Size  Location     Type
  quotient        2    8[COMMON] unsigned int 
  counter         1   10[COMMON] unsigned char 
 Return value:  Size  Location     Type
                  2    3[COMMON] unsigned int 
 Registers used:
		wreg, status,2, status,0
 Tracked objects:
		On entry : 
		On exit  : 
		Unchanged: 
 Data sizes:     COMMON   BANK0   BANK1
      Params:         4       0       0
      Locals:         3       0       0
      Temps:          1       0       0
      Totals:         8       0       0
Total ram usage:        8 bytes
 Hardware stack levels used:    1
 Hardware stack levels required when called:    1
 This function calls:
		Nothing
 This function is called by:
		_utoa
 This function uses a non-reentrant model


 *************** function _lcd_init *****************
 Defined at:
		line 145 in file "newmain.c"
 Parameters:    Size  Location     Type
		None
 Auto vars:     Size  Location     Type
		None
 Return value:  Size  Location     Type
                  1    wreg      void 
 Registers used:
		wreg, status,2, status,0, pclath, cstack
 Tracked objects:
		On entry : 
		On exit  : 
		Unchanged: 
 Data sizes:     COMMON   BANK0   BANK1
      Params:         0       0       0
      Locals:         0       0       0
      Temps:          2       0       0
      Totals:         2       0       0
Total ram usage:        2 bytes
 Hardware stack levels used:    1
 Hardware stack levels required when called:    3
 This function calls:
		_data_write
		_lcd_cmd
 This function is called by:
		_main
 This function uses a non-reentrant model


 *************** function _lcd_clear *****************
 Defined at:
		line 187 in file "newmain.c"
 Parameters:    Size  Location     Type
		None
 Auto vars:     Size  Location     Type
		None
 Return value:  Size  Location     Type
                  1    wreg      void 
 Registers used:
		wreg, status,2, status,0, pclath, cstack
 Tracked objects:
		On entry : 
		On exit  : 
		Unchanged: 
 Data sizes:     COMMON   BANK0   BANK1
      Params:         0       0       0
      Locals:         0       0       0
      Temps:          2       0       0
      Totals:         2       0       0
Total ram usage:        2 bytes
 Hardware stack levels used:    1
 Hardware stack levels required when called:    3
 This function calls:
		_lcd_cmd
 This function is called by:
		_main
 This function uses a non-reentrant model


 *************** function _lcd_cmd *****************
 Defined at:
		line 135 in file "newmain.c"
 Parameters:    Size  Location     Type
  data            1    wreg     unsigned char 
 Auto vars:     Size  Location     Type
  data            1    6[COMMON] unsigned char 
 Return value:  Size  Location     Type
                  1    wreg      void 
 Registers used:
		wreg, status,2, status,0, pclath, cstack
 Tracked objects:
		On entry : 
		On exit  : 
		Unchanged: 
 Data sizes:     COMMON   BANK0   BANK1
      Params:         0       0       0
      Locals:         1       0       0
      Temps:          1       0       0
      Totals:         2       0       0
Total ram usage:        2 bytes
 Hardware stack levels used:    1
 Hardware stack levels required when called:    2
 This function calls:
		_data_write
 This function is called by:
		_lcd_init
		_lcd_clear
		_main
 This function uses a non-reentrant model


 *************** function _data_write *****************
 Defined at:
		line 115 in file "newmain.c"
 Parameters:    Size  Location     Type
  data            1    wreg     unsigned char 
 Auto vars:     Size  Location     Type
  data            1    4[COMMON] unsigned char 
 Return value:  Size  Location     Type
                  1    wreg      void 
 Registers used:
		wreg, status,2, status,0
 Tracked objects:
		On entry : 
		On exit  : 
		Unchanged: 
 Data sizes:     COMMON   BANK0   BANK1
      Params:         0       0       0
      Locals:         1       0       0
      Temps:          1       0       0
      Totals:         2       0       0
Total ram usage:        2 bytes
 Hardware stack levels used:    1
 Hardware stack levels required when called:    1
 This function calls:
		Nothing
 This function is called by:
		_lcd_data
		_lcd_cmd
		_lcd_init
 This function uses a non-reentrant model


 *************** function ___wmul *****************
 Defined at:
		line 15 in file "C:\Program Files (x86)\Microchip\xc8\v2.00\pic\sources\c90\common\Umul16.c"
 Parameters:    Size  Location     Type
  multiplier      2    3[COMMON] unsigned int 
  multiplicand    2    5[COMMON] unsigned int 
 Auto vars:     Size  Location     Type
  product         2    7[COMMON] unsigned int 
 Return value:  Size  Location     Type
                  2    3[COMMON] unsigned int 
 Registers used:
		wreg, status,2, status,0
 Tracked objects:
		On entry : 
		On exit  : 
		Unchanged: 
 Data sizes:     COMMON   BANK0   BANK1
      Params:         4       0       0
      Locals:         2       0       0
      Temps:          0       0       0
      Totals:         6       0       0
Total ram usage:        6 bytes
 Hardware stack levels used:    1
 Hardware stack levels required when called:    1
 This function calls:
		Nothing
 This function is called by:
		_main
 This function uses a non-reentrant model


 *************** function ___lmul *****************
 Defined at:
		line 15 in file "C:\Program Files (x86)\Microchip\xc8\v2.00\pic\sources\c90\common\Umul32.c"
 Parameters:    Size  Location     Type
  multiplier      4    3[COMMON] unsigned long 
  multiplicand    4    7[COMMON] unsigned long 
 Auto vars:     Size  Location     Type
  product         4    1[BANK0 ] unsigned long 
 Return value:  Size  Location     Type
                  4    3[COMMON] unsigned long 
 Registers used:
		wreg, status,2, status,0
 Tracked objects:
		On entry : 
		On exit  : 
		Unchanged: 
 Data sizes:     COMMON   BANK0   BANK1
      Params:         8       0       0
      Locals:         0       4       0
      Temps:          0       1       0
      Totals:         8       5       0
Total ram usage:       13 bytes
 Hardware stack levels used:    1
 Hardware stack levels required when called:    1
 This function calls:
		Nothing
 This function is called by:
		_main
 This function uses a non-reentrant model


 *************** function _DDS_init *****************
 Defined at:
		line 106 in file "newmain.c"
 Parameters:    Size  Location     Type
		None
 Auto vars:     Size  Location     Type
		None
 Return value:  Size  Location     Type
                  1    wreg      void 
 Registers used:
		wreg, status,2, status,0, pclath, cstack
 Tracked objects:
		On entry : 
		On exit  : 
		Unchanged: 
 Data sizes:     COMMON   BANK0   BANK1
      Params:         0       0       0
      Locals:         0       0       0
      Temps:          0       0       0
      Totals:         0       0       0
Total ram usage:        0 bytes
 Hardware stack levels used:    1
 Hardware stack levels required when called:    3
 This function calls:
		_DDS
		_spi_write
 This function is called by:
		_main
 This function uses a non-reentrant model


 *************** function _DDS *****************
 Defined at:
		line 85 in file "newmain.c"
 Parameters:    Size  Location     Type
  input           4    0[BANK0 ] unsigned long 
  reg             1    4[BANK0 ] unsigned char 
 Auto vars:     Size  Location     Type
		None
 Return value:  Size  Location     Type
                  1    wreg      void 
 Registers used:
		wreg, status,2, status,0, pclath, cstack
 Tracked objects:
		On entry : 
		On exit  : 
		Unchanged: 
 Data sizes:     COMMON   BANK0   BANK1
      Params:         0       5       0
      Locals:         0       0       0
      Temps:          4       0       0
      Totals:         4       5       0
Total ram usage:        9 bytes
 Hardware stack levels used:    1
 Hardware stack levels required when called:    2
 This function calls:
		_spi_write
 This function is called by:
		_DDS_init
		_main
 This function uses a non-reentrant model


 *************** function _spi_write *****************
 Defined at:
		line 63 in file "newmain.c"
 Parameters:    Size  Location     Type
  data            2    3[COMMON] unsigned int 
 Auto vars:     Size  Location     Type
  i               1    6[COMMON] unsigned char 
 Return value:  Size  Location     Type
                  1    wreg      void 
 Registers used:
		wreg, status,2, status,0
 Tracked objects:
		On entry : 
		On exit  : 
		Unchanged: 
 Data sizes:     COMMON   BANK0   BANK1
      Params:         2       0       0
      Locals:         1       0       0
      Temps:          1       0       0
      Totals:         4       0       0
Total ram usage:        4 bytes
 Hardware stack levels used:    1
 Hardware stack levels required when called:    1
 This function calls:
		Nothing
 This function is called by:
		_DDS
		_DDS_init
		_main
 This function uses a non-reentrant model


 *************** function _ISR *****************
 Defined at:
		line 206 in file "newmain.c"
 Parameters:    Size  Location     Type
		None
 Auto vars:     Size  Location     Type
		None
 Return value:  Size  Location     Type
                  1    wreg      void 
 Registers used:
		wreg, status,2, status,0
 Tracked objects:
		On entry : 
		On exit  : 
		Unchanged: 
 Data sizes:     COMMON   BANK0   BANK1
      Params:         0       0       0
      Locals:         0       0       0
      Temps:          3       0       0
      Totals:         3       0       0
Total ram usage:        3 bytes
 Hardware stack levels used:    1
 This function calls:
		Nothing
 This function is called by:
		Interrupt level 1
 This function uses a non-reentrant model



MODULE INFORMATION

Module		Function		Class		Link	Load	Size
C:\Program Files (x86)\Microchip\xc8\v2.00\pic\sources\c90\common\lwmod.c
		___lwmod       		CODE           	05BB	0000	66

C:\Program Files (x86)\Microchip\xc8\v2.00\pic\sources\c90\common\lwmod.c estimated size: 66

C:\Program Files (x86)\Microchip\xc8\v2.00\pic\sources\c90\common\Umul16.c
		___wmul        		CODE           	0663	0000	41

C:\Program Files (x86)\Microchip\xc8\v2.00\pic\sources\c90\common\Umul16.c estimated size: 41

C:\Program Files (x86)\Microchip\xc8\v2.00\pic\sources\c90\common\itoa.c
		_itoa          		CODE           	063B	0000	41
		_utoa          		CODE           	0477	0000	108

C:\Program Files (x86)\Microchip\xc8\v2.00\pic\sources\c90\common\itoa.c estimated size: 149

newmain.c
		_DDS_init      		CODE           	06B1	0000	35
		_lcd_cmd       		CODE           	0736	0000	28
		_ISR           		CODE           	027B	0000	398
		_lcd_data      		CODE           	071B	0000	28
		_data_write    		CODE           	06D3	0000	34
		_main          		CODE           	0016	0000	614
		_spi_write     		CODE           	0579	0000	67
		_lcd_clear     		CODE           	0763	0000	13
		_send_string   		CODE           	068B	0000	39
		_DDS           		CODE           	05FC	0000	64
		_send_int      		CODE           	0751	0000	19
		_lcd_init      		CODE           	0408	0000	112

newmain.c estimated size: 1451

C:\Program Files (x86)\Microchip\xc8\v2.00\pic\sources\c90\common\lwdiv.c
		___lwdiv       		CODE           	052E	0000	76

C:\Program Files (x86)\Microchip\xc8\v2.00\pic\sources\c90\common\lwdiv.c estimated size: 76

C:\Program Files (x86)\Microchip\xc8\v2.00\pic\sources\c90\common\Umul32.c
		___lmul        		CODE           	04E2	0000	77

C:\Program Files (x86)\Microchip\xc8\v2.00\pic\sources\c90\common\Umul32.c estimated size: 77

shared
		__stringtab    		STRING         	0700	0000	17
		__initialization		CODE           	000B	0000	10

shared estimated size: 27

