Microchip MPLAB XC8 Compiler V2.10 ()

Linker command line:

-W-3 --edf=C:\Program Files (x86)\Microchip\xc8\v2.10\pic\dat\en_msgs.txt \
  -cs -h+dist/default/production\UNSM_gen_control.X.production.sym \
  --cmf=dist/default/production\UNSM_gen_control.X.production.cmf -z \
  -Q16F1938 -oC:\Users\janpo\AppData\Local\Temp\stmk.2 \
  --defsym=__MPLAB_BUILD=1 \
  -Mdist/default/production/UNSM_gen_control.X.production.map -E1 -ver=XC8 \
  --acfsm=1493 -ASTACK=02190h-023EFh -pstack=STACK -ACODE=00h-07FFhx8 \
  -ASTRCODE=00h-03FFFh -ASTRING=00h-0FFhx64 -ACONST=00h-0FFhx64 \
  -AENTRY=00h-0FFhx64 -ACOMMON=070h-07Fh -ABANK0=020h-06Fh \
  -ABANK1=0A0h-0EFh -ABANK2=0120h-016Fh -ABANK3=01A0h-01EFh \
  -ABANK4=0220h-026Fh -ABANK5=02A0h-02EFh -ABANK6=0320h-036Fh \
  -ABANK7=03A0h-03EFh -ABANK8=0420h-046Fh -ABANK9=04A0h-04EFh \
  -ABANK10=0520h-056Fh -ABANK11=05A0h-05EFh -ABANK12=0620h-064Fh \
  -ABIGRAM=02000h-023EFh \
  -ARAM=020h-06Fh,0A0h-0EFh,0120h-016Fh,01A0h-01EFh,0220h-026Fh,02A0h-02EFh,0320h-036Fh,03A0h-03EFh,0420h-046Fh,04A0h-04EFh,0520h-056Fh,05A0h-05EFh,0620h-064Fh \
  -AABS1=020h-07Fh,0A0h-0EFh,0120h-016Fh,01A0h-01EFh,0220h-026Fh,02A0h-02EFh,0320h-036Fh,03A0h-03EFh,0420h-046Fh,04A0h-04EFh,0520h-056Fh,05A0h-05EFh,0620h-064Fh \
  -ASFR0=00h-01Fh -ASFR1=080h-09Fh -ASFR2=0100h-011Fh -ASFR3=0180h-019Fh \
  -ASFR4=0200h-021Fh -ASFR5=0280h-029Fh -ASFR6=0300h-031Fh \
  -ASFR7=0380h-039Fh -ASFR8=0400h-041Fh -ASFR9=0480h-049Fh \
  -ASFR10=0500h-051Fh -ASFR11=0580h-059Fh -ASFR12=0600h-061Fh \
  -ASFR13=0680h-06EFh -ASFR14=0700h-076Fh -ASFR15=0780h-07EFh \
  -ASFR16=0800h-086Fh -ASFR17=0880h-08EFh -ASFR18=0900h-096Fh \
  -ASFR19=0980h-09EFh -ASFR20=0A00h-0A6Fh -ASFR21=0A80h-0AEFh \
  -ASFR22=0B00h-0B6Fh -ASFR23=0B80h-0BEFh -ASFR24=0C00h-0C6Fh \
  -ASFR25=0C80h-0CEFh -ASFR26=0D00h-0D6Fh -ASFR27=0D80h-0DEFh \
  -ASFR28=0E00h-0E6Fh -ASFR29=0E80h-0EEFh -ASFR30=0F00h-0F6Fh \
  -ASFR31=0F80h-0FEFh -preset_vec=00h,intentry=04h,init,end_init \
  -ppowerup=CODE -pcinit=CODE -pfunctab=ENTRY -ACONFIG=08007h-08008h \
  -pconfig=CONFIG -DCONFIG=2 -AIDLOC=08000h-08003h -pidloc=IDLOC -DIDLOC=2 \
  -AEEDATA=00h-0FFh/0F000h -peeprom_data=EEDATA -DEEDATA=2 -DCODE=2 \
  -DSTRCODE=2 -DSTRING=2 -DCONST=2 -DENTRY=2 -k \
  C:\Users\janpo\AppData\Local\Temp\stmk.o \
  dist/default/production\UNSM_gen_control.X.production.o 

Object code version is 3.11

Machine type is 16F1938



                Name                               Link     Load   Length Selector   Space Scale
C:\Users\janpo\AppData\Local\Temp\stmk.o
                end_init                             BB       BB        2        8       0
                reset_vec                             0        0        2        0       0
                config                             8007     8007        2    1000E       0
dist/default/production\UNSM_gen_control.X.production.o
                cinit                                BD       BD       1D        8       0
                intentry                              4        4       B7        8       0
                text60                             20F2     20F2       10     41E4       0
                text59                             20DB     20DB        A     41B6       0
                text58                             22C8     22C8       2B     4590       0
                text57                             2102     2102       18     4204       0
                text56                             20E5     20E5        D     41CA       0
                text55                             211A     211A       18     4234       0
                text54                             21AF     21AF       1D     435E       0
                text53                             20CF     20CF        6     419E       0
                text52                             1ED7     1ED7      129     3DAE       0
                text51                             2566     2566       58     4ACC       0
                text50                             1825     1825       71     304A       0
                text49                             246D     246D       50     48DA       0
                text48                              816      816      1B4     102C       0
                text47                             222D     222D       23     445A       0
                text46                             15A9     15A9      257     2B52       0
                text45                             1AA5     1AA5       AD     354A       0
                text44                             2731     2731       66     4E62       0
                text43                             2276     2276       29     44EC       0
                text42                             21CC     21CC       1F     4398       0
                text41                             2132     2132       18     4264       0
                text40                             21EB     21EB       21     43D6       0
                text39                             1B52     1B52       AF     36A4       0
                text38                             1DD6     1DD6      101     3BAC       0
                text37                             1C01     1C01       EA     3802       0
                text36                             217B     217B       1A     42F6       0
                text35                                3        3        1        6       0
                text34                             2510     2510       56     4A20       0
                text33                             229F     229F       29     453E       0
                text32                             2195     2195       1A     432A       0
                text31                             25BE     25BE       59     4B7C       0
                text30                             106E     106E      170     20DC       0
                text29                             2672     2672       5F     4CE4       0
                text28                             24BD     24BD       53     497A       0
                text27                             23CF     23CF       4F     479E       0
                text26                             1989     1989       8B     3312       0
                text25                              7F5      7F5        B        8       0
                text24                             1371     1371      238     26E2       0
                text23                              7BF      7BF       36        8       0
                text22                             1896     1896       74     312C       0
                text21                             190A     190A       7F     3214       0
                text20                             1CEB     1CEB       EB     39D6       0
                text19                             220C     220C       21     4418       0
                text18                             214A     214A       18     4294       0
                text17                             2250     2250       26     44A0       0
                text16                               DA       DA      6E5        8       0
                text15                             2617     2617       5B     4C2E       0
                text14                              9CA      9CA      318     1394       0
                text13                             2321     2321       35     4642       0
                text12                             1801     1801       24     3002       0
                text11                             2162     2162       19     42C4       0
                text10                              801      801       15     1002       0
                text9                               CE2      CE2      31E     19C4       0
                text8                              11DE     11DE      193     23BC       0
                text7                              1A14     1A14       91     3428       0
                text6                              1004     1004       6A     2008       0
                text5                              238B     238B       44     4716       0
                text4                              241E     241E       4F     483C       0
                text3                              2356     2356       35     46AC       0
                text2                              22F3     22F3       2E     45E6       0
                text1                              2797     2797       69     4F2E       0
                maintext                           26D1     26D1       60     4DA2       0
                cstackBANK0                          20       20       50       20       1
                cstackCOMMON                         70       70        C       70       1
                cstackBANK1                          A0       A0       50       A0       1
                cstackBANK2                         120      120       38      120       1
                clrtext                            20D5     20D5        6     41AA       0
                bssBANK4                            220      220       50      220       1
                bssBANK3                            1A0      1A0       28      1A0       1
                bssBANK2                            158      158       18      120       1
                bssCOMMON                            7C       7C        1       70       1
                stringtext24                       286F     286F        2     5000       0
                stringtext23                       286D     286D        2     5000       0
                stringtext22                       286A     286A        3     5000       0
                stringtext21                       2867     2867        3     5000       0
                stringtext20                       2863     2863        4     5000       0
                stringtext19                       285F     285F        4     5000       0
                stringtext18                       285B     285B        4     5000       0
                stringtext17                       2857     2857        4     5000       0
                stringtext16                       2853     2853        4     5000       0
                stringtext15                       284F     284F        4     5000       0
                stringtext14                       284A     284A        5     5000       0
                stringtext13                       2845     2845        5     5000       0
                stringtext12                       2840     2840        5     5000       0
                stringtext11                       283B     283B        5     5000       0
                stringtext10                       2836     2836        5     5000       0
                stringtext9                        2830     2830        6     5000       0
                stringtext8                        282A     282A        6     5000       0
                stringtext7                        2824     2824        6     5000       0
                stringtext6                        281E     281E        6     5000       0
                stringtext5                        2818     2818        6     5000       0
                stringtext4                        2812     2812        6     5000       0
                stringtext3                        280C     280C        6     5000       0
                stringtext2                        2806     2806        6     5000       0
                stringtext1                        2800     2800        6     5000       0
                nvBANK3                             1C8      1C8        E      1A0       1

TOTAL           Name                               Link     Load   Length     Space
        CLASS   STACK          

        CLASS   CODE           
                end_init                             BB       BB        2         0
                cinit                                BD       BD       1D         0
                intentry                              4        4       B7         0
                reset_vec                             0        0        2         0
                text60                             20F2     20F2       10         0
                text59                             20DB     20DB        A         0
                text58                             22C8     22C8       2B         0
                text57                             2102     2102       18         0
                text56                             20E5     20E5        D         0
                text55                             211A     211A       18         0
                text54                             21AF     21AF       1D         0
                text53                             20CF     20CF        6         0
                text52                             1ED7     1ED7      129         0
                text51                             2566     2566       58         0
                text50                             1825     1825       71         0
                text49                             246D     246D       50         0
                text48                              816      816      1B4         0
                text47                             222D     222D       23         0
                text46                             15A9     15A9      257         0
                text45                             1AA5     1AA5       AD         0
                text44                             2731     2731       66         0
                text43                             2276     2276       29         0
                text42                             21CC     21CC       1F         0
                text41                             2132     2132       18         0
                text40                             21EB     21EB       21         0
                text39                             1B52     1B52       AF         0
                text38                             1DD6     1DD6      101         0
                text37                             1C01     1C01       EA         0
                text36                             217B     217B       1A         0
                text35                                3        3        1         0
                text34                             2510     2510       56         0
                text33                             229F     229F       29         0
                text32                             2195     2195       1A         0
                text31                             25BE     25BE       59         0
                text30                             106E     106E      170         0
                text29                             2672     2672       5F         0
                text28                             24BD     24BD       53         0
                text27                             23CF     23CF       4F         0
                text26                             1989     1989       8B         0
                text25                              7F5      7F5        B         0
                text24                             1371     1371      238         0
                text23                              7BF      7BF       36         0
                text22                             1896     1896       74         0
                text21                             190A     190A       7F         0
                text20                             1CEB     1CEB       EB         0
                text19                             220C     220C       21         0
                text18                             214A     214A       18         0
                text17                             2250     2250       26         0
                text16                               DA       DA      6E5         0
                text15                             2617     2617       5B         0
                text14                              9CA      9CA      318         0
                text13                             2321     2321       35         0
                text12                             1801     1801       24         0
                text11                             2162     2162       19         0
                text10                              801      801       15         0
                text9                               CE2      CE2      31E         0
                text8                              11DE     11DE      193         0
                text7                              1A14     1A14       91         0
                text6                              1004     1004       6A         0
                text5                              238B     238B       44         0
                text4                              241E     241E       4F         0
                text3                              2356     2356       35         0
                text2                              22F3     22F3       2E         0
                text1                              2797     2797       69         0
                maintext                           26D1     26D1       60         0
                clrtext                            20D5     20D5        6         0

        CLASS   STRCODE        
                stringtext24                       286F     286F        2         0
                stringtext23                       286D     286D        2         0
                stringtext22                       286A     286A        3         0
                stringtext21                       2867     2867        3         0
                stringtext20                       2863     2863        4         0
                stringtext19                       285F     285F        4         0
                stringtext18                       285B     285B        4         0
                stringtext17                       2857     2857        4         0
                stringtext16                       2853     2853        4         0
                stringtext15                       284F     284F        4         0
                stringtext14                       284A     284A        5         0
                stringtext13                       2845     2845        5         0
                stringtext12                       2840     2840        5         0
                stringtext11                       283B     283B        5         0
                stringtext10                       2836     2836        5         0
                stringtext9                        2830     2830        6         0
                stringtext8                        282A     282A        6         0
                stringtext7                        2824     2824        6         0
                stringtext6                        281E     281E        6         0
                stringtext5                        2818     2818        6         0
                stringtext4                        2812     2812        6         0
                stringtext3                        280C     280C        6         0
                stringtext2                        2806     2806        6         0
                stringtext1                        2800     2800        6         0

        CLASS   STRING         

        CLASS   CONST          

        CLASS   ENTRY          

        CLASS   COMMON         
                cstackCOMMON                         70       70        C         1
                bssCOMMON                            7C       7C        1         1

        CLASS   BANK0          
                cstackBANK0                          20       20       50         1

        CLASS   BANK1          
                cstackBANK1                          A0       A0       50         1

        CLASS   BANK2          
                cstackBANK2                         120      120       38         1
                bssBANK2                            158      158       18         1

        CLASS   BANK3          
                bssBANK3                            1A0      1A0       28         1
                nvBANK3                             1C8      1C8        E         1

        CLASS   BANK4          
                bssBANK4                            220      220       50         1

        CLASS   BANK5          

        CLASS   BANK6          

        CLASS   BANK7          

        CLASS   BANK8          

        CLASS   BANK9          

        CLASS   BANK10         

        CLASS   BANK11         

        CLASS   BANK12         

        CLASS   BIGRAM         

        CLASS   RAM            

        CLASS   ABS1           
                abs_s1                               7E       7E        2         1

        CLASS   SFR0           

        CLASS   SFR1           

        CLASS   SFR2           

        CLASS   SFR3           

        CLASS   SFR4           

        CLASS   SFR5           

        CLASS   SFR6           

        CLASS   SFR7           

        CLASS   SFR8           

        CLASS   SFR9           

        CLASS   SFR10          

        CLASS   SFR11          

        CLASS   SFR12          

        CLASS   SFR13          

        CLASS   SFR14          

        CLASS   SFR15          

        CLASS   SFR16          

        CLASS   SFR17          

        CLASS   SFR18          

        CLASS   SFR19          

        CLASS   SFR20          

        CLASS   SFR21          

        CLASS   SFR22          

        CLASS   SFR23          

        CLASS   SFR24          

        CLASS   SFR25          

        CLASS   SFR26          

        CLASS   SFR27          

        CLASS   SFR28          

        CLASS   SFR29          

        CLASS   SFR30          

        CLASS   SFR31          

        CLASS   CONFIG         
                config                             8007     8007        2         0

        CLASS   IDLOC          

        CLASS   EEDATA         

        CLASS   BANK31         

        CLASS   BANK30         

        CLASS   BANK29         

        CLASS   BANK28         

        CLASS   BANK27         

        CLASS   BANK26         

        CLASS   BANK25         

        CLASS   BANK24         

        CLASS   BANK23         

        CLASS   BANK22         

        CLASS   BANK21         

        CLASS   BANK20         

        CLASS   BANK19         

        CLASS   BANK18         

        CLASS   BANK17         

        CLASS   BANK16         

        CLASS   BANK15         

        CLASS   BANK14         

        CLASS   BANK13         



SEGMENTS        Name                           Load    Length   Top    Selector   Space  Class     Delta

                reset_vec                      000000  000002  000002         0       0  CODE        2
                text35                         000003  000001  000004         6       0  CODE        2
                intentry                       000004  0007FC  000800         8       0  CODE        2
                cstackBANK0                    000020  000050  000070        20       1  BANK0       1
                cstackCOMMON                   000070  00000D  00007D        70       1  COMMON      1
                cstackBANK1                    0000A0  000050  0000F0        A0       1  BANK1       1
                cstackBANK2                    000120  000050  000170       120       1  BANK2       1
                bssBANK3                       0001A0  000036  0001D6       1A0       1  BANK3       1
                bssBANK4                       000220  000050  000270       220       1  BANK4       1
                text10                         000801  000015  000816      1002       0  CODE        2
                text48                         000816  0001B4  0009CA      102C       0  CODE        2
                text14                         0009CA  000318  000CE2      1394       0  CODE        2
                text9                          000CE2  00031E  001000      19C4       0  CODE        2
                text6                          001004  00006A  00106E      2008       0  CODE        2
                text30                         00106E  000170  0011DE      20DC       0  CODE        2
                text8                          0011DE  000193  001371      23BC       0  CODE        2
                text24                         001371  000238  0015A9      26E2       0  CODE        2
                text46                         0015A9  000257  001800      2B52       0  CODE        2
                text12                         001801  000024  001825      3002       0  CODE        2
                text50                         001825  000071  001896      304A       0  CODE        2
                text22                         001896  000074  00190A      312C       0  CODE        2
                text21                         00190A  00007F  001989      3214       0  CODE        2
                text26                         001989  00008B  001A14      3312       0  CODE        2
                text7                          001A14  000091  001AA5      3428       0  CODE        2
                text45                         001AA5  0000AD  001B52      354A       0  CODE        2
                text39                         001B52  0000AF  001C01      36A4       0  CODE        2
                text37                         001C01  0000EA  001CEB      3802       0  CODE        2
                text20                         001CEB  0000EB  001DD6      39D6       0  CODE        2
                text38                         001DD6  000101  001ED7      3BAC       0  CODE        2
                text52                         001ED7  000129  002000      3DAE       0  CODE        2
                text53                         0020CF  000006  0020D5      419E       0  CODE        2
                clrtext                        0020D5  000006  0020DB      41AA       0  CODE        2
                text59                         0020DB  00000A  0020E5      41B6       0  CODE        2
                text56                         0020E5  00000D  0020F2      41CA       0  CODE        2
                text60                         0020F2  000010  002102      41E4       0  CODE        2
                text57                         002102  000018  00211A      4204       0  CODE        2
                text55                         00211A  000018  002132      4234       0  CODE        2
                text41                         002132  000018  00214A      4264       0  CODE        2
                text18                         00214A  000018  002162      4294       0  CODE        2
                text11                         002162  000019  00217B      42C4       0  CODE        2
                text36                         00217B  00001A  002195      42F6       0  CODE        2
                text32                         002195  00001A  0021AF      432A       0  CODE        2
                text54                         0021AF  00001D  0021CC      435E       0  CODE        2
                text42                         0021CC  00001F  0021EB      4398       0  CODE        2
                text40                         0021EB  000021  00220C      43D6       0  CODE        2
                text19                         00220C  000021  00222D      4418       0  CODE        2
                text47                         00222D  000023  002250      445A       0  CODE        2
                text17                         002250  000026  002276      44A0       0  CODE        2
                text43                         002276  000029  00229F      44EC       0  CODE        2
                text33                         00229F  000029  0022C8      453E       0  CODE        2
                text58                         0022C8  00002B  0022F3      4590       0  CODE        2
                text2                          0022F3  00002E  002321      45E6       0  CODE        2
                text13                         002321  000035  002356      4642       0  CODE        2
                text3                          002356  000035  00238B      46AC       0  CODE        2
                text5                          00238B  000044  0023CF      4716       0  CODE        2
                text27                         0023CF  00004F  00241E      479E       0  CODE        2
                text4                          00241E  00004F  00246D      483C       0  CODE        2
                text49                         00246D  000050  0024BD      48DA       0  CODE        2
                text28                         0024BD  000053  002510      497A       0  CODE        2
                text34                         002510  000056  002566      4A20       0  CODE        2
                text51                         002566  000058  0025BE      4ACC       0  CODE        2
                text31                         0025BE  000059  002617      4B7C       0  CODE        2
                text15                         002617  00005B  002672      4C2E       0  CODE        2
                text29                         002672  00005F  0026D1      4CE4       0  CODE        2
                maintext                       0026D1  000060  002731      4DA2       0  CODE        2
                text44                         002731  000066  002797      4E62       0  CODE        2
                text1                          002797  000069  002800      4F2E       0  CODE        2
                stringtext1                    002800  000071  002871      5000       0  STRCODE     2
                config                         008007  000002  008009     1000E       0  CONFIG      2


UNUSED ADDRESS RANGES

        Name                Unused          Largest block    Delta
        BANK10           00520-0056F              50           1
        BANK11           005A0-005EF              50           1
        BANK12           00620-0064F              30           1
        BANK3            001D6-001EF              1A           1
        BANK5            002A0-002EF              50           1
        BANK6            00320-0036F              50           1
        BANK7            003A0-003EF              50           1
        BANK8            00420-0046F              50           1
        BANK9            004A0-004EF              50           1
        BIGRAM           02000-023EF             3F0           1
        CODE             00002-00002               1           2
                         00800-00800               1
                         01000-01003               4
                         01800-01800               1
                         02000-020CE              CF
                         02871-03FFF             800
        COMMON           0007D-0007D               1           1
        CONST            00002-00002               1           2
                         00800-00800               1
                         01000-01003               4
                         01800-01800               1
                         02000-020CE              CF
                         02871-03FFF             100
        EEDATA           0F000-0F0FF             100           2
        ENTRY            00002-00002               1           2
                         00800-00800               1
                         01000-01003               4
                         01800-01800               1
                         02000-020CE              CF
                         02871-03FFF             100
        IDLOC            08000-08003               4           2
        RAM              001D6-001EF              1A           1
                         002A0-002EF              50
                         00320-0036F              50
                         003A0-003EF              50
                         00420-0046F              50
                         004A0-004EF              50
                         00520-0056F              50
                         005A0-005EF              50
                         00620-0064F              30
        SFR0             00000-0001F              20           1
        SFR1             00080-0009F              20           1
        SFR10            00500-0051F              20           1
        SFR11            00580-0059F              20           1
        SFR12            00600-0061F              20           1
        SFR13            00680-006EF              70           1
        SFR14            00700-0076F              70           1
        SFR15            00780-007EF              70           1
        SFR16            00800-0086F              70           1
        SFR17            00880-008EF              70           1
        SFR18            00900-0096F              70           1
        SFR19            00980-009EF              70           1
        SFR2             00100-0011F              20           1
        SFR20            00A00-00A6F              70           1
        SFR21            00A80-00AEF              70           1
        SFR22            00B00-00B6F              70           1
        SFR23            00B80-00BEF              70           1
        SFR24            00C00-00C6F              70           1
        SFR25            00C80-00CEF              70           1
        SFR26            00D00-00D6F              70           1
        SFR27            00D80-00DEF              70           1
        SFR28            00E00-00E6F              70           1
        SFR29            00E80-00EEF              70           1
        SFR3             00180-0019F              20           1
        SFR30            00F00-00F6F              70           1
        SFR31            00F80-00FEF              70           1
        SFR4             00200-0021F              20           1
        SFR5             00280-0029F              20           1
        SFR6             00300-0031F              20           1
        SFR7             00380-0039F              20           1
        SFR8             00400-0041F              20           1
        SFR9             00480-0049F              20           1
        STACK            02190-023EF             260           1
        STRCODE          00002-00002               1           2
                         00800-00800               1
                         01000-01003               4
                         01800-01800               1
                         02000-020CE              CF
                         02871-03FFF            178F
        STRING           00002-00002               1           2
                         00800-00800               1
                         01000-01003               4
                         01800-01800               1
                         02000-020CE              CF
                         02871-03FFF             100

                                  Symbol Table

?__Umul8_16                cstackCOMMON 00071
?___aodiv                  cstackBANK0  00020
?___aomod                  cstackBANK0  00020
?___awdiv                  cstackCOMMON 00071
?___awmod                  cstackCOMMON 00071
?___fladd                  cstackBANK0  0005A
?___fldiv                  cstackBANK0  00040
?___flmul                  cstackBANK0  00026
?___flneg                  cstackCOMMON 00071
?___flsub                  cstackBANK1  000A0
?___fltol                  cstackCOMMON 00071
?___fpclassifyf            cstackCOMMON 00071
?___wmul                   cstackCOMMON 00071
?___xxtofl                 cstackCOMMON 00071
?_abs                      cstackCOMMON 00074
?_atoi                     cstackCOMMON 00077
?_dtoa                     cstackBANK0  00030
?_efgtoa                   cstackBANK1  000A8
?_fabsf                    cstackBANK1  000A8
?_floorf                   cstackBANK0  0005A
?_isdigit                  cstackCOMMON 00071
?_isspace                  cstackCOMMON 00071
?_isupper                  cstackCOMMON 00071
?_pad                      cstackBANK0  00027
?_sprintf                  cstackBANK2  0013D
?_strlen                   cstackCOMMON 00071
?_strncmp                  cstackCOMMON 00071
?_tolower                  cstackCOMMON 00077
?_vfpfcnvrt                cstackBANK0  0006E
?_vfprintf                 cstackBANK2  00135
_ADCON1                    (abs)        0009E
_ADIE                      (abs)        0048E
_ADON                      (abs)        004E8
_ADRESH                    (abs)        0009C
_ADRESL                    (abs)        0009B
_ANSA0                     (abs)        00C60
_ANSA1                     (abs)        00C61
_ANSA2                     (abs)        00C62
_ANSA3                     (abs)        00C63
_ANSA4                     (abs)        00C64
_ANSA5                     (abs)        00C65
_ANSB0                     (abs)        00C68
_ANSB1                     (abs)        00C69
_ANSB2                     (abs)        00C6A
_ANSB3                     (abs)        00C6B
_ANSB5                     (abs)        00C6D
_C2TSEL0                   (abs)        014F2
_C2TSEL1                   (abs)        014F3
_CCP1CON                   (abs)        00293
_CCP1IE                    (abs)        0048A
_CCP1IF                    (abs)        0008A
_CCP2CON                   (abs)        0029A
_CCPR1H                    (abs)        00292
_CCPR1L                    (abs)        00291
_CCPR2L                    (abs)        00298
_CHS0                      (abs)        004EA
_CHS1                      (abs)        004EB
_CHS2                      (abs)        004EC
_CHS3                      (abs)        004ED
_DC2B0                     (abs)        014D4
_DC2B1                     (abs)        014D5
_GIE                       (abs)        0005F
_GO                        (abs)        004E9
_INTE                      (abs)        0005C
_INTEDG                    (abs)        004AE
_INTF                      (abs)        00059
_ISR                       intentry     00004
_OSCCON                    (abs)        00099
_PEIE                      (abs)        0005E
_PR2                       (abs)        0001B
_RA0                       (abs)        00060
_RA1                       (abs)        00061
_RA2                       (abs)        00062
_RA3                       (abs)        00063
_RA4                       (abs)        00064
_RA5                       (abs)        00065
_RA6                       (abs)        00066
_RA7                       (abs)        00067
_RB0                       (abs)        00068
_RB2                       (abs)        0006A
_RB3                       (abs)        0006B
_RC0                       (abs)        00070
_RC3                       (abs)        00073
_RC4                       (abs)        00074
_RC5                       (abs)        00075
_RC6                       (abs)        00076
_RC7                       (abs)        00077
_T1CON                     (abs)        00018
_T2CKPS0                   (abs)        000E0
_T2CKPS1                   (abs)        000E1
_TMR1                      (abs)        00016
_TMR1GE                    (abs)        000CF
_TMR2IF                    (abs)        00089
_TMR2ON                    (abs)        000E2
_TRISA0                    (abs)        00460
_TRISA1                    (abs)        00461
_TRISA2                    (abs)        00462
_TRISA3                    (abs)        00463
_TRISA4                    (abs)        00464
_TRISA5                    (abs)        00465
_TRISA6                    (abs)        00466
_TRISA7                    (abs)        00467
_TRISB0                    (abs)        00468
_TRISB1                    (abs)        00469
_TRISB2                    (abs)        0046A
_TRISB3                    (abs)        0046B
_TRISB5                    (abs)        0046D
_TRISC0                    (abs)        00470
_TRISC1                    (abs)        00471
_TRISC2                    (abs)        00472
_TRISC3                    (abs)        00473
_TRISC4                    (abs)        00474
_TRISC5                    (abs)        00475
_TRISC6                    (abs)        00476
_TRISC7                    (abs)        00477
__CFG_BOREN$ON             (abs)        00000
__CFG_BORV$HI              (abs)        00000
__CFG_CLKOUTEN$OFF         (abs)        00000
__CFG_CP$OFF               (abs)        00000
__CFG_CPD$OFF              (abs)        00000
__CFG_FCMEN$ON             (abs)        00000
__CFG_FOSC$INTOSC          (abs)        00000
__CFG_IESO$OFF             (abs)        00000
__CFG_LVP$OFF              (abs)        00000
__CFG_MCLRE$ON             (abs)        00000
__CFG_PLLEN$OFF            (abs)        00000
__CFG_PWRTE$OFF            (abs)        00000
__CFG_STVREN$OFF           (abs)        00000
__CFG_VCAPEN$OFF           (abs)        00000
__CFG_WDTE$OFF             (abs)        00000
__CFG_WRT$OFF              (abs)        00000
__Habs1                    abs1         00000
__Hbank0                   bank0        00000
__Hbank1                   bank1        00000
__Hbank10                  bank10       00000
__Hbank11                  bank11       00000
__Hbank12                  bank12       00000
__Hbank13                  bank13       00000
__Hbank14                  bank14       00000
__Hbank15                  bank15       00000
__Hbank16                  bank16       00000
__Hbank17                  bank17       00000
__Hbank18                  bank18       00000
__Hbank19                  bank19       00000
__Hbank2                   bank2        00000
__Hbank20                  bank20       00000
__Hbank21                  bank21       00000
__Hbank22                  bank22       00000
__Hbank23                  bank23       00000
__Hbank24                  bank24       00000
__Hbank25                  bank25       00000
__Hbank26                  bank26       00000
__Hbank27                  bank27       00000
__Hbank28                  bank28       00000
__Hbank29                  bank29       00000
__Hbank3                   bank3        00000
__Hbank30                  bank30       00000
__Hbank31                  bank31       00000
__Hbank4                   bank4        00000
__Hbank5                   bank5        00000
__Hbank6                   bank6        00000
__Hbank7                   bank7        00000
__Hbank8                   bank8        00000
__Hbank9                   bank9        00000
__Hbigram                  bigram       00000
__HbssBANK2                bssBANK2     00000
__HbssBANK3                bssBANK3     00000
__HbssBANK4                bssBANK4     00000
__HbssCOMMON               bssCOMMON    00000
__Hcinit                   cinit        000DA
__Hclrtext                 clrtext      00000
__Hcode                    code         00000
__Hcommon                  common       00000
__Hconfig                  config       08009
__HcstackBANK0             cstackBANK0  00000
__HcstackBANK1             cstackBANK1  00000
__HcstackBANK2             cstackBANK2  00000
__HcstackCOMMON            cstackCOMMON 00000
__Heeprom_data             eeprom_data  00000
__Hend_init                end_init     000BD
__Hfunctab                 functab      00000
__Hidloc                   idloc        00000
__Hinit                    init         000BB
__Hintentry                intentry     000BB
__Hmaintext                maintext     00000
__HnvBANK3                 nvBANK3      00000
__Hpowerup                 powerup      00000
__Hram                     ram          00000
__Hreset_vec               reset_vec    00002
__Hsfr0                    sfr0         00000
__Hsfr1                    sfr1         00000
__Hsfr10                   sfr10        00000
__Hsfr11                   sfr11        00000
__Hsfr12                   sfr12        00000
__Hsfr13                   sfr13        00000
__Hsfr14                   sfr14        00000
__Hsfr15                   sfr15        00000
__Hsfr16                   sfr16        00000
__Hsfr17                   sfr17        00000
__Hsfr18                   sfr18        00000
__Hsfr19                   sfr19        00000
__Hsfr2                    sfr2         00000
__Hsfr20                   sfr20        00000
__Hsfr21                   sfr21        00000
__Hsfr22                   sfr22        00000
__Hsfr23                   sfr23        00000
__Hsfr24                   sfr24        00000
__Hsfr25                   sfr25        00000
__Hsfr26                   sfr26        00000
__Hsfr27                   sfr27        00000
__Hsfr28                   sfr28        00000
__Hsfr29                   sfr29        00000
__Hsfr3                    sfr3         00000
__Hsfr30                   sfr30        00000
__Hsfr31                   sfr31        00000
__Hsfr4                    sfr4         00000
__Hsfr5                    sfr5         00000
__Hsfr6                    sfr6         00000
__Hsfr7                    sfr7         00000
__Hsfr8                    sfr8         00000
__Hsfr9                    sfr9         00000
__Hspace_0                 (abs)        08009
__Hspace_1                 (abs)        00270
__Hspace_2                 (abs)        00000
__Hspace_3                 (abs)        00000
__Hstack                   stack        00000
__Hstrings                 strings      00000
__Hstringtext1             stringtext1  00000
__Hstringtext10            stringtext10 00000
__Hstringtext11            stringtext11 00000
__Hstringtext12            stringtext12 00000
__Hstringtext13            stringtext13 00000
__Hstringtext14            stringtext14 00000
__Hstringtext15            stringtext15 00000
__Hstringtext16            stringtext16 00000
__Hstringtext17            stringtext17 00000
__Hstringtext18            stringtext18 00000
__Hstringtext19            stringtext19 00000
__Hstringtext2             stringtext2  00000
__Hstringtext20            stringtext20 00000
__Hstringtext21            stringtext21 00000
__Hstringtext22            stringtext22 00000
__Hstringtext23            stringtext23 00000
__Hstringtext24            stringtext24 00000
__Hstringtext25            stringtext25 00000
__Hstringtext3             stringtext3  00000
__Hstringtext4             stringtext4  00000
__Hstringtext5             stringtext5  00000
__Hstringtext6             stringtext6  00000
__Hstringtext7             stringtext7  00000
__Hstringtext8             stringtext8  00000
__Hstringtext9             stringtext9  00000
__Htext                    text         00000
__Labs1                    abs1         00000
__Lbank0                   bank0        00000
__Lbank1                   bank1        00000
__Lbank10                  bank10       00000
__Lbank11                  bank11       00000
__Lbank12                  bank12       00000
__Lbank13                  bank13       00000
__Lbank14                  bank14       00000
__Lbank15                  bank15       00000
__Lbank16                  bank16       00000
__Lbank17                  bank17       00000
__Lbank18                  bank18       00000
__Lbank19                  bank19       00000
__Lbank2                   bank2        00000
__Lbank20                  bank20       00000
__Lbank21                  bank21       00000
__Lbank22                  bank22       00000
__Lbank23                  bank23       00000
__Lbank24                  bank24       00000
__Lbank25                  bank25       00000
__Lbank26                  bank26       00000
__Lbank27                  bank27       00000
__Lbank28                  bank28       00000
__Lbank29                  bank29       00000
__Lbank3                   bank3        00000
__Lbank30                  bank30       00000
__Lbank31                  bank31       00000
__Lbank4                   bank4        00000
__Lbank5                   bank5        00000
__Lbank6                   bank6        00000
__Lbank7                   bank7        00000
__Lbank8                   bank8        00000
__Lbank9                   bank9        00000
__Lbigram                  bigram       00000
__LbssBANK2                bssBANK2     00000
__LbssBANK3                bssBANK3     00000
__LbssBANK4                bssBANK4     00000
__LbssCOMMON               bssCOMMON    00000
__Lcinit                   cinit        000BD
__Lclrtext                 clrtext      00000
__Lcode                    code         00000
__Lcommon                  common       00000
__Lconfig                  config       08007
__LcstackBANK0             cstackBANK0  00000
__LcstackBANK1             cstackBANK1  00000
__LcstackBANK2             cstackBANK2  00000
__LcstackCOMMON            cstackCOMMON 00000
__Leeprom_data             eeprom_data  00000
__Lend_init                end_init     000BB
__Lfunctab                 functab      00000
__Lidloc                   idloc        00000
__Linit                    init         000BB
__Lintentry                intentry     00004
__Lmaintext                maintext     00000
__LnvBANK3                 nvBANK3      00000
__Lpowerup                 powerup      00000
__Lram                     ram          00000
__Lreset_vec               reset_vec    00000
__Lsfr0                    sfr0         00000
__Lsfr1                    sfr1         00000
__Lsfr10                   sfr10        00000
__Lsfr11                   sfr11        00000
__Lsfr12                   sfr12        00000
__Lsfr13                   sfr13        00000
__Lsfr14                   sfr14        00000
__Lsfr15                   sfr15        00000
__Lsfr16                   sfr16        00000
__Lsfr17                   sfr17        00000
__Lsfr18                   sfr18        00000
__Lsfr19                   sfr19        00000
__Lsfr2                    sfr2         00000
__Lsfr20                   sfr20        00000
__Lsfr21                   sfr21        00000
__Lsfr22                   sfr22        00000
__Lsfr23                   sfr23        00000
__Lsfr24                   sfr24        00000
__Lsfr25                   sfr25        00000
__Lsfr26                   sfr26        00000
__Lsfr27                   sfr27        00000
__Lsfr28                   sfr28        00000
__Lsfr29                   sfr29        00000
__Lsfr3                    sfr3         00000
__Lsfr30                   sfr30        00000
__Lsfr31                   sfr31        00000
__Lsfr4                    sfr4         00000
__Lsfr5                    sfr5         00000
__Lsfr6                    sfr6         00000
__Lsfr7                    sfr7         00000
__Lsfr8                    sfr8         00000
__Lsfr9                    sfr9         00000
__Lspace_0                 (abs)        00000
__Lspace_1                 (abs)        00000
__Lspace_2                 (abs)        00000
__Lspace_3                 (abs)        00000
__Lstack                   stack        00000
__Lstrings                 strings      00000
__Lstringtext1             stringtext1  00000
__Lstringtext10            stringtext10 00000
__Lstringtext11            stringtext11 00000
__Lstringtext12            stringtext12 00000
__Lstringtext13            stringtext13 00000
__Lstringtext14            stringtext14 00000
__Lstringtext15            stringtext15 00000
__Lstringtext16            stringtext16 00000
__Lstringtext17            stringtext17 00000
__Lstringtext18            stringtext18 00000
__Lstringtext19            stringtext19 00000
__Lstringtext2             stringtext2  00000
__Lstringtext20            stringtext20 00000
__Lstringtext21            stringtext21 00000
__Lstringtext22            stringtext22 00000
__Lstringtext23            stringtext23 00000
__Lstringtext24            stringtext24 00000
__Lstringtext25            stringtext25 00000
__Lstringtext3             stringtext3  00000
__Lstringtext4             stringtext4  00000
__Lstringtext5             stringtext5  00000
__Lstringtext6             stringtext6  00000
__Lstringtext7             stringtext7  00000
__Lstringtext8             stringtext8  00000
__Lstringtext9             stringtext9  00000
__Ltext                    text         00000
__S0                       (abs)        08009
__S1                       (abs)        00270
__S2                       (abs)        00000
__S3                       (abs)        00000
__Umul8_16                 text47       0222D
__Umul8_16@multiplicand    cstackCOMMON 00071
__Umul8_16@multiplier      cstackCOMMON 00079
__Umul8_16@product         cstackCOMMON 00075
__Umul8_16@word_mpld       cstackCOMMON 00077
___aodiv                   text38       01DD6
___aodiv@counter           cstackCOMMON 00072
___aodiv@dividend          cstackBANK0  00028
___aodiv@divisor           cstackBANK0  00020
___aodiv@quotient          cstackCOMMON 00074
___aodiv@sign              cstackCOMMON 00073
___aomod                   text37       01C01
___aomod@counter           cstackCOMMON 00072
___aomod@dividend          cstackBANK0  00028
___aomod@divisor           cstackBANK0  00020
___aomod@sign              cstackCOMMON 00073
___awdiv                   text29       02672
___awdiv@counter           cstackCOMMON 00076
___awdiv@dividend          cstackCOMMON 00073
___awdiv@divisor           cstackCOMMON 00071
___awdiv@quotient          cstackCOMMON 00078
___awdiv@sign              cstackCOMMON 00077
___awmod                   text28       024BD
___awmod@counter           cstackCOMMON 00076
___awmod@dividend          cstackCOMMON 00073
___awmod@divisor           cstackCOMMON 00071
___awmod@sign              cstackCOMMON 00077
___fladd                   text24       01371
___fladd@a                 cstackBANK0  0005E
___fladd@aexp              cstackBANK0  0006B
___fladd@b                 cstackBANK0  0005A
___fladd@bexp              cstackBANK0  0006C
___fladd@grs               cstackBANK0  0006D
___fladd@signs             cstackBANK0  0006A
___fldiv                   text48       00816
___fldiv@a                 cstackBANK0  00040
___fldiv@aexp              cstackBANK0  00059
___fldiv@b                 cstackBANK0  00044
___fldiv@bexp              cstackBANK0  00058
___fldiv@grs               cstackBANK0  00054
___fldiv@new_exp           cstackBANK0  00052
___fldiv@rem               cstackBANK0  0004D
___fldiv@sign              cstackBANK0  00051
___fleq                    text27       023CF
___fleq@ff1                cstackCOMMON 00071
___fleq@ff2                cstackCOMMON 00075
___flge                    text26       01989
___flge@ff1                cstackBANK0  00040
___flge@ff2                cstackBANK0  00044
___flmul                   text46       015A9
___flmul@a                 cstackBANK0  0002A
___flmul@aexp              cstackBANK0  00038
___flmul@b                 cstackBANK0  00026
___flmul@bexp              cstackBANK0  00039
___flmul@grs               cstackBANK0  00034
___flmul@prod              cstackBANK0  0003A
___flmul@sign              cstackBANK0  00033
___flmul@temp              cstackBANK0  0003E
___flneg                   text25       007F5
___flneg@f1                cstackCOMMON 00071
___flsub                   text23       007BF
___flsub@a                 cstackBANK1  000A0
___flsub@b                 cstackBANK1  000A4
___fltol                   text22       01896
___fltol@exp1              cstackCOMMON 0007B
___fltol@f1                cstackCOMMON 00071
___fltol@sign1             cstackCOMMON 0007A
___fpclassifyf             text21       0190A
___fpclassifyf@F463        bssBANK3     001A8
___fpclassifyf@e           cstackBANK0  00020
___fpclassifyf@u           cstackBANK0  00022
___fpclassifyf@x           cstackCOMMON 00071
___int_sp                  stack        00000
___latbits                 (abs)        00003
___sp                      stack        00000
___stackhi                 (abs)        023EF
___stacklo                 (abs)        02190
___wmul                    text42       021CC
___wmul@multiplicand       cstackCOMMON 00073
___wmul@multiplier         cstackCOMMON 00071
___wmul@product            cstackCOMMON 00075
___xxtofl                  text45       01AA5
___xxtofl@arg              cstackBANK0  00022
___xxtofl@exp              cstackBANK0  00021
___xxtofl@sign             cstackBANK0  00020
___xxtofl@val              cstackCOMMON 00071
__end_of_ISR               intentry     000BB
__end_of__Umul8_16         text47       02250
__end_of___aodiv           text38       01ED7
__end_of___aomod           text37       01CEB
__end_of___awdiv           text29       026D1
__end_of___awmod           text28       02510
__end_of___fladd           text24       015A9
__end_of___fldiv           text48       009CA
__end_of___fleq            text27       0241E
__end_of___flge            text26       01A14
__end_of___flmul           text46       01800
__end_of___flneg           text25       00800
__end_of___flsub           text23       007F5
__end_of___fltol           text22       0190A
__end_of___fpclassifyf     text21       01989
__end_of___wmul            text42       021EB
__end_of___xxtofl          text45       01B52
__end_of__initialization   cinit        000D6
__end_of_abs               text36       02195
__end_of_atoi              text39       01C01
__end_of_buzz_op           text60       02102
__end_of_check_overload    text5        023CF
__end_of_data_write        text58       022F3
__end_of_dtoa              text30       011DE
__end_of_efgtoa            text16       007BF
__end_of_error_handling    text51       025BE
__end_of_fabsf             text43       0229F
__end_of_floorf            text20       01DD6
__end_of_fputc             text34       02566
__end_of_fputs             text33       022C8
__end_of_freq_count        text44       02797
__end_of_init_setting      text50       01896
__end_of_interrupt_enable  text59       020E5
__end_of_isdigit           text41       0214A
__end_of_isspace           text40       0220C
__end_of_isupper           text18       02162
__end_of_lcd_clear         text56       020F2
__end_of_lcd_cmd           text57       0211A
__end_of_lcd_data          text55       02132
__end_of_lcd_init          text49       024BD
__end_of_lcd_send_float1   text11       0217B
__end_of_lcd_send_int      text10       00816
__end_of_lcd_send_string   text54       021CC
__end_of_lcd_set_pos       text53       020D5
__end_of_lcd_show          text52       02000
__end_of_lcd_update        text9        01000
__end_of_main              maintext     02731
__end_of_maintenance       text6        0106E
__end_of_pad               text31       02617
__end_of_power_con         text4        0246D
__end_of_process_loop      text1        02800
__end_of_putch             text35       00004
__end_of_pwm_con           text7        01AA5
__end_of_read_volt         text8        01371
__end_of_shut_down         text3        0238B
__end_of_sprintf           text12       01825
__end_of_start_up          text2        02321
__end_of_strcpy            text19       0222D
__end_of_strlen            text32       021AF
__end_of_strncmp           text15       02672
__end_of_tolower           text17       02276
__end_of_vfpfcnvrt         text14       00CE2
__end_of_vfprintf          text13       02356
__initialization           cinit        000BD
__pbssBANK2                bssBANK2     00158
__pbssBANK3                bssBANK3     001A0
__pbssBANK4                bssBANK4     00220
__pbssCOMMON               bssCOMMON    0007C
__pcstackBANK0             cstackBANK0  00020
__pcstackBANK1             cstackBANK1  000A0
__pcstackBANK2             cstackBANK2  00120
__pcstackCOMMON            cstackCOMMON 00070
__pintentry                intentry     00004
__pmaintext                maintext     026D1
__pnvBANK3                 nvBANK3      001C8
__pstringtext1             stringtext1  02800
__pstringtext10            stringtext10 02836
__pstringtext11            stringtext11 0283B
__pstringtext12            stringtext12 02840
__pstringtext13            stringtext13 02845
__pstringtext14            stringtext14 0284A
__pstringtext15            stringtext15 0284F
__pstringtext16            stringtext16 02853
__pstringtext17            stringtext17 02857
__pstringtext18            stringtext18 0285B
__pstringtext19            stringtext19 0285F
__pstringtext2             stringtext2  02806
__pstringtext20            stringtext20 02863
__pstringtext21            stringtext21 02867
__pstringtext22            stringtext22 0286A
__pstringtext23            stringtext23 0286D
__pstringtext24            stringtext24 0286F
__pstringtext25            stringtext25 00000
__pstringtext3             stringtext3  0280C
__pstringtext4             stringtext4  02812
__pstringtext5             stringtext5  02818
__pstringtext6             stringtext6  0281E
__pstringtext7             stringtext7  02824
__pstringtext8             stringtext8  0282A
__pstringtext9             stringtext9  02830
__ptext1                   text1        02797
__ptext10                  text10       00801
__ptext11                  text11       02162
__ptext12                  text12       01801
__ptext13                  text13       02321
__ptext14                  text14       009CA
__ptext15                  text15       02617
__ptext16                  text16       000DA
__ptext17                  text17       02250
__ptext18                  text18       0214A
__ptext19                  text19       0220C
__ptext2                   text2        022F3
__ptext20                  text20       01CEB
__ptext21                  text21       0190A
__ptext22                  text22       01896
__ptext23                  text23       007BF
__ptext24                  text24       01371
__ptext25                  text25       007F5
__ptext26                  text26       01989
__ptext27                  text27       023CF
__ptext28                  text28       024BD
__ptext29                  text29       02672
__ptext3                   text3        02356
__ptext30                  text30       0106E
__ptext31                  text31       025BE
__ptext32                  text32       02195
__ptext33                  text33       0229F
__ptext34                  text34       02510
__ptext35                  text35       00003
__ptext36                  text36       0217B
__ptext37                  text37       01C01
__ptext38                  text38       01DD6
__ptext39                  text39       01B52
__ptext4                   text4        0241E
__ptext40                  text40       021EB
__ptext41                  text41       02132
__ptext42                  text42       021CC
__ptext43                  text43       02276
__ptext44                  text44       02731
__ptext45                  text45       01AA5
__ptext46                  text46       015A9
__ptext47                  text47       0222D
__ptext48                  text48       00816
__ptext49                  text49       0246D
__ptext5                   text5        0238B
__ptext50                  text50       01825
__ptext51                  text51       02566
__ptext52                  text52       01ED7
__ptext53                  text53       020CF
__ptext54                  text54       021AF
__ptext55                  text55       0211A
__ptext56                  text56       020E5
__ptext57                  text57       02102
__ptext58                  text58       022C8
__ptext59                  text59       020DB
__ptext6                   text6        01004
__ptext60                  text60       020F2
__ptext7                   text7        01A14
__ptext8                   text8        011DE
__ptext9                   text9        00CE2
__size_of_ISR              (abs)        00000
__size_of__Umul8_16        (abs)        00000
__size_of___aodiv          (abs)        00000
__size_of___aomod          (abs)        00000
__size_of___awdiv          (abs)        00000
__size_of___awmod          (abs)        00000
__size_of___fladd          (abs)        00000
__size_of___fldiv          (abs)        00000
__size_of___fleq           (abs)        00000
__size_of___flge           (abs)        00000
__size_of___flmul          (abs)        00000
__size_of___flneg          (abs)        00000
__size_of___flsub          (abs)        00000
__size_of___fltol          (abs)        00000
__size_of___fpclassifyf    (abs)        00000
__size_of___wmul           (abs)        00000
__size_of___xxtofl         (abs)        00000
__size_of_abs              (abs)        00000
__size_of_atoi             (abs)        00000
__size_of_buzz_op          (abs)        00000
__size_of_check_overload   (abs)        00000
__size_of_data_write       (abs)        00000
__size_of_dtoa             (abs)        00000
__size_of_efgtoa           (abs)        00000
__size_of_error_handling   (abs)        00000
__size_of_fabsf            (abs)        00000
__size_of_floorf           (abs)        00000
__size_of_fputc            (abs)        00000
__size_of_fputs            (abs)        00000
__size_of_freq_count       (abs)        00000
__size_of_init_setting     (abs)        00000
__size_of_interrupt_enable (abs)        00000
__size_of_isdigit          (abs)        00000
__size_of_isspace          (abs)        00000
__size_of_isupper          (abs)        00000
__size_of_lcd_clear        (abs)        00000
__size_of_lcd_cmd          (abs)        00000
__size_of_lcd_data         (abs)        00000
__size_of_lcd_init         (abs)        00000
__size_of_lcd_send_float1  (abs)        00000
__size_of_lcd_send_int     (abs)        00000
__size_of_lcd_send_string  (abs)        00000
__size_of_lcd_set_pos      (abs)        00000
__size_of_lcd_show         (abs)        00000
__size_of_lcd_update       (abs)        00000
__size_of_main             (abs)        00000
__size_of_maintenance      (abs)        00000
__size_of_pad              (abs)        00000
__size_of_power_con        (abs)        00000
__size_of_process_loop     (abs)        00000
__size_of_putch            (abs)        00000
__size_of_pwm_con          (abs)        00000
__size_of_read_volt        (abs)        00000
__size_of_shut_down        (abs)        00000
__size_of_sprintf          (abs)        00000
__size_of_start_up         (abs)        00000
__size_of_strcpy           (abs)        00000
__size_of_strlen           (abs)        00000
__size_of_strncmp          (abs)        00000
__size_of_tolower          (abs)        00000
__size_of_vfpfcnvrt        (abs)        00000
__size_of_vfprintf         (abs)        00000
_abs                       text36       0217B
_adcbuff                   bssBANK2     00164
_atoi                      text39       01B52
_atoi$891                  cstackBANK0  00026
_atoi$892                  cstackBANK0  0002A
_atoi$893                  cstackBANK0  00028
_buff                      bssBANK3     001BE
_buzz_op                   text60       020F2
_check_overload            text5        0238B
_data_write                text58       022C8
_dbuf                      bssBANK4     00220
_diff                      bssBANK3     001AC
_dtoa                      text30       0106E
_dtoa$526                  cstackBANK0  0003C
_dutycycle                 bssBANK3     001BC
_e_lock                    bssBANK2     0016E
_e_overvolt                bssBANK2     0016D
_efgtoa                    text16       000DA
_efgtoa$550                cstackBANK1  000B5
_efgtoa$551                cstackBANK1  000B7
_efgtoa$555                cstackBANK1  000B9
_efgtoa$559                cstackBANK1  000BB
_efgtoa$560                cstackBANK1  000BD
_efgtoa$561                cstackBANK1  000BF
_error_handling            text51       02566
_f2                        bssBANK2     00169
_fabsf                     text43       02276
_flags                     bssBANK2     00162
_floorf                    text20       01CEB
_fputc                     text34       02510
_fputs                     text33       0229F
_freq_count                text44       02731
_frequency                 bssBANK3     001B0
_h_voltage_flag            bssBANK2     0016C
_init_setting              text50       01825
_interrupt_enable          text59       020DB
_isdigit                   text41       02132
_isspace                   text40       021EB
_isspace$933               cstackCOMMON 00075
_isupper                   text18       0214A
_j                         bssBANK3     001BA
_last_frequency            nvBANK3      001C8
_last_pwm_lvl              nvBANK3      001D4
_last_v1                   nvBANK3      001D0
_last_v2                   nvBANK3      001CC
_lcd_clear                 text56       020E5
_lcd_cmd                   text57       02102
_lcd_data                  text55       0211A
_lcd_init                  text49       0246D
_lcd_send_float1           text11       02162
_lcd_send_int              text10       00801
_lcd_send_string           text54       021AF
_lcd_set_pos               text53       020CF
_lcd_show                  text52       01ED7
_lcd_update                text9        00CE2
_lcd_update$1259           cstackBANK2  00154
_main                      maintext     026D1
_maintenance               text6        01004
_nout                      bssBANK3     001B4
_pad                       text31       025BE
_pause                     bssBANK2     0016F
_period                    bssBANK3     001C6
_power_con                 text4        0241E
_prec                      bssBANK2     00160
_process_loop              text1        02797
_putch                     text35       00003
_pwm_con                   text7        01A14
_pwm_lvl                   bssBANK2     00166
_pwmcon_flag               bssCOMMON    0007C
_read_volt                 text8        011DE
_read_volt$1260            cstackBANK1  000A3
_shut_down                 text3        02356
_sprintf                   text12       01801
_start_flag                bssBANK2     0016B
_start_up                  text2        022F3
_strcpy                    text19       0220C
_strlen                    text32       02195
_strncmp                   text15       02617
_temp                      bssBANK3     001B8
_tolower                   text17       02250
_tolower$1018              cstackCOMMON 00079
_v1                        bssBANK2     0015C
_v2                        bssBANK2     00158
_vfpfcnvrt                 text14       009CA
_vfpfcnvrt$575             cstackBANK2  00128
_vfpfcnvrt$580             cstackBANK2  0012A
_vfprintf                  text13       02321
_width                     bssBANK3     001B6
abs@a                      cstackCOMMON 00074
atoi@n                     cstackBANK0  0002B
atoi@neg                   cstackBANK0  00024
atoi@s                     cstackCOMMON 00077
btemp                      (abs)        0007E
clear_ram0                 clrtext      020D5
data_write@data            cstackCOMMON 00071
dtoa@d                     cstackBANK0  00030
dtoa@fp                    cstackBANK0  0003B
dtoa@i                     cstackBANK0  0004C
dtoa@n                     cstackBANK0  00044
dtoa@p                     cstackBANK0  0003E
dtoa@s                     cstackBANK0  00042
dtoa@w                     cstackBANK0  00040
efgtoa@c                   cstackBANK1  000AC
efgtoa@d                   cstackBANK1  000C9
efgtoa@e                   cstackBANK1  000E2
efgtoa@f                   cstackBANK1  000A8
efgtoa@fp                  cstackBANK1  000CB
efgtoa@g                   cstackBANK1  000DE
efgtoa@h                   cstackBANK1  000D4
efgtoa@i                   cstackBANK1  000DC
efgtoa@l                   cstackBANK1  000D8
efgtoa@m                   cstackBANK1  000C5
efgtoa@mode                cstackBANK1  000D3
efgtoa@n                   cstackBANK1  000E4
efgtoa@ne                  cstackBANK1  000C7
efgtoa@nmode               cstackBANK1  000D0
efgtoa@ou                  cstackBANK1  000B1
efgtoa@p                   cstackBANK1  000CE
efgtoa@pp                  cstackBANK1  000C3
efgtoa@sign                cstackBANK1  000CC
efgtoa@t                   cstackBANK1  000C1
efgtoa@u                   cstackBANK1  000E6
efgtoa@w                   cstackBANK1  000D1
end_of_initialization      cinit        000D6
error_handling@i           cstackBANK0  00020
fabsf@F463                 bssBANK3     001A4
fabsf@u                    cstackBANK1  000AC
fabsf@x                    cstackBANK1  000A8
floorf@F524                bssBANK3     001A0
floorf@e                   cstackBANK0  00068
floorf@m                   cstackBANK0  00064
floorf@u                   cstackBANK0  0006A
floorf@x                   cstackBANK0  0005A
fputc@c                    cstackCOMMON 00071
fputc@fp                   cstackCOMMON 00073
fputs@c                    cstackBANK0  00023
fputs@fp                   cstackCOMMON 00079
fputs@i                    cstackBANK0  00024
fputs@s                    cstackBANK0  00026
int$flags                  (abs)        0007E
interrupt_enable@state     cstackCOMMON 00071
intlevel0                  functab      00000
intlevel1                  functab      00000
intlevel2                  functab      00000
intlevel3                  functab      00000
intlevel4                  functab      00000
intlevel5                  functab      00000
isdigit@c                  cstackCOMMON 00071
isspace@c                  cstackCOMMON 00071
isupper@c                  cstackCOMMON 00071
lcd_cmd@data               cstackCOMMON 00073
lcd_data@data              cstackCOMMON 00073
lcd_send_float1@data       cstackBANK2  0014D
lcd_send_int@data          cstackBANK2  0014D
lcd_send_string@i          cstackCOMMON 00077
lcd_send_string@s          cstackCOMMON 00074
lcd_set_pos@pos            cstackCOMMON 00074
lcd_show@x                 cstackCOMMON 00079
lcd_update@cmd             cstackBANK2  00153
pad@buf                    cstackBANK0  00027
pad@fp                     cstackBANK0  0002E
pad@i                      cstackBANK0  0002A
pad@p                      cstackBANK0  00028
pad@w                      cstackBANK0  0002C
reset_vec                  reset_vec    00000
sprintf@ap                 cstackBANK2  00147
sprintf@f                  cstackBANK2  00148
sprintf@fmt                cstackBANK2  0013D
sprintf@s                  cstackBANK2  00146
start                      init         000BB
start_initialization       cinit        000BD
strcpy@d                   cstackCOMMON 00077
strcpy@dest                cstackCOMMON 00078
strcpy@s                   cstackCOMMON 00075
strcpy@src                 cstackCOMMON 00071
strlen@a                   cstackCOMMON 00074
strlen@s                   cstackCOMMON 00075
strncmp@_l                 cstackCOMMON 00076
strncmp@_r                 cstackCOMMON 00071
strncmp@l                  cstackCOMMON 00079
strncmp@n                  cstackCOMMON 00073
strncmp@r                  cstackCOMMON 00077
tolower@c                  cstackCOMMON 00077
vfpfcnvrt@ap               cstackBANK0  0006F
vfpfcnvrt@c                cstackBANK2  00133
vfpfcnvrt@ct               cstackBANK2  0012C
vfpfcnvrt@f                cstackBANK2  0012F
vfpfcnvrt@fmt              cstackBANK0  0006E
vfpfcnvrt@fp               cstackBANK2  00134
vfpfcnvrt@ll               cstackBANK2  00120
vfprintf@ap                cstackBANK2  00137
vfprintf@cfmt              cstackBANK2  0013B
vfprintf@fmt               cstackBANK2  00135
vfprintf@fp                cstackBANK2  0013A
wtemp0                     (abs)        0007E


FUNCTION INFORMATION:

 *************** function _main *****************
 Defined at:
		line 1115 in file "main.c"
 Parameters:    Size  Location     Type
		None
 Auto vars:     Size  Location     Type
		None
 Return value:  Size  Location     Type
                  1    wreg      void 
 Registers used:
		wreg, fsr0l, fsr0h, fsr1l, fsr1h, status,2, status,0, pclath, cstack
 Tracked objects:
		On entry : 
		On exit  : 
		Unchanged: 
 Data sizes:     COMMON   BANK0   BANK1   BANK2   BANK3   BANK4   BANK5   BANK6   BANK7   BANK8   BANK9  BANK10  BANK11  BANK12
      Params:         0       0       0       0       0       0       0       0       0       0       0       0       0       0
      Locals:         0       0       0       0       0       0       0       0       0       0       0       0       0       0
      Temps:          0       0       0       0       0       0       0       0       0       0       0       0       0       0
      Totals:         0       0       0       0       0       0       0       0       0       0       0       0       0       0
Total ram usage:        0 bytes
 Hardware stack levels required when called:   13
 This function calls:
		_error_handling
		_init_setting
		_interrupt_enable
		_lcd_clear
		_lcd_init
		_lcd_show
		_lcd_update
		_maintenance
		_process_loop
		_pwm_con
 This function is called by:
		Startup code after reset
 This function uses a non-reentrant model


 *************** function _process_loop *****************
 Defined at:
		line 840 in file "main.c"
 Parameters:    Size  Location     Type
		None
 Auto vars:     Size  Location     Type
		None
 Return value:  Size  Location     Type
                  1    wreg      void 
 Registers used:
		wreg, fsr0l, fsr0h, fsr1l, fsr1h, status,2, status,0, pclath, cstack
 Tracked objects:
		On entry : 
		On exit  : 
		Unchanged: 
 Data sizes:     COMMON   BANK0   BANK1   BANK2   BANK3   BANK4   BANK5   BANK6   BANK7   BANK8   BANK9  BANK10  BANK11  BANK12
      Params:         0       0       0       0       0       0       0       0       0       0       0       0       0       0
      Locals:         0       0       0       0       0       0       0       0       0       0       0       0       0       0
      Temps:          0       0       0       0       0       0       0       0       0       0       0       0       0       0
      Totals:         0       0       0       0       0       0       0       0       0       0       0       0       0       0
Total ram usage:        0 bytes
 Hardware stack levels used:    1
 Hardware stack levels required when called:   12
 This function calls:
		_check_overload
		_freq_count
		_interrupt_enable
		_lcd_show
		_lcd_update
		_power_con
		_pwm_con
		_read_volt
		_shut_down
		_start_up
 This function is called by:
		_main
 This function uses a non-reentrant model


 *************** function _start_up *****************
 Defined at:
		line 699 in file "main.c"
 Parameters:    Size  Location     Type
		None
 Auto vars:     Size  Location     Type
		None
 Return value:  Size  Location     Type
                  1    wreg      void 
 Registers used:
		wreg
 Tracked objects:
		On entry : 
		On exit  : 
		Unchanged: 
 Data sizes:     COMMON   BANK0   BANK1   BANK2   BANK3   BANK4   BANK5   BANK6   BANK7   BANK8   BANK9  BANK10  BANK11  BANK12
      Params:         0       0       0       0       0       0       0       0       0       0       0       0       0       0
      Locals:         0       0       0       0       0       0       0       0       0       0       0       0       0       0
      Temps:          2       0       0       0       0       0       0       0       0       0       0       0       0       0
      Totals:         2       0       0       0       0       0       0       0       0       0       0       0       0       0
Total ram usage:        2 bytes
 Hardware stack levels used:    1
 Hardware stack levels required when called:    1
 This function calls:
		Nothing
 This function is called by:
		_process_loop
 This function uses a non-reentrant model


 *************** function _shut_down *****************
 Defined at:
[...]
      Temps:          0       0       0       0       0       0       0       0       0       0       0       0       0       0
      Totals:         2       0       0       0       0       0       0       0       0       0       0       0       0       0
Total ram usage:        2 bytes
 Hardware stack levels used:    1
 Hardware stack levels required when called:    3
 This function calls:
		_lcd_cmd
 This function is called by:
		_lcd_show
		_lcd_update
 This function uses a non-reentrant model


 *************** function _lcd_send_string *****************
 Defined at:
		line 323 in file "main.c"
 Parameters:    Size  Location     Type
  s               2    4[COMMON] PTR const unsigned char 
		 -> STR_33(3), STR_32(2), STR_31(5), STR_30(5), 
		 -> STR_29(5), STR_28(3), STR_27(2), STR_26(3), 
		 -> STR_25(2), STR_24(5), STR_23(3), STR_22(2), 
		 -> STR_21(2), STR_20(6), STR_19(6), STR_18(6), 
		 -> STR_17(6), STR_16(6), STR_15(6), STR_14(6), 
		 -> STR_13(6), STR_12(6), STR_11(6), STR_10(2), 
		 -> STR_9(6), STR_8(2), STR_7(6), STR_6(5), 
		 -> STR_5(4), STR_4(4), STR_3(6), buff(8), 
 Auto vars:     Size  Location     Type
  i               2    7[COMMON] unsigned int 
 Return value:  Size  Location     Type
                  1    wreg      void 
 Registers used:
		wreg, fsr0l, fsr0h, status,2, status,0, pclath, cstack
 Tracked objects:
		On entry : 
		On exit  : 
		Unchanged: 
 Data sizes:     COMMON   BANK0   BANK1   BANK2   BANK3   BANK4   BANK5   BANK6   BANK7   BANK8   BANK9  BANK10  BANK11  BANK12
      Params:         2       0       0       0       0       0       0       0       0       0       0       0       0       0
      Locals:         2       0       0       0       0       0       0       0       0       0       0       0       0       0
      Temps:          1       0       0       0       0       0       0       0       0       0       0       0       0       0
      Totals:         5       0       0       0       0       0       0       0       0       0       0       0       0       0
Total ram usage:        5 bytes
 Hardware stack levels used:    1
 Hardware stack levels required when called:    3
 This function calls:
		_lcd_data
 This function is called by:
		_lcd_send_int
		_lcd_send_float1
		_lcd_show
		_lcd_update
 This function uses a non-reentrant model


 *************** function _lcd_data *****************
 Defined at:
		line 252 in file "main.c"
 Parameters:    Size  Location     Type
  data            1    wreg     unsigned char 
 Auto vars:     Size  Location     Type
  data            1    3[COMMON] unsigned char 
 Return value:  Size  Location     Type
                  1    wreg      void 
 Registers used:
		wreg, status,2, status,0, pclath, cstack
 Tracked objects:
		On entry : 
		On exit  : 
		Unchanged: 
 Data sizes:     COMMON   BANK0   BANK1   BANK2   BANK3   BANK4   BANK5   BANK6   BANK7   BANK8   BANK9  BANK10  BANK11  BANK12
      Params:         0       0       0       0       0       0       0       0       0       0       0       0       0       0
      Locals:         1       0       0       0       0       0       0       0       0       0       0       0       0       0
      Temps:          1       0       0       0       0       0       0       0       0       0       0       0       0       0
      Totals:         2       0       0       0       0       0       0       0       0       0       0       0       0       0
Total ram usage:        2 bytes
 Hardware stack levels used:    1
 Hardware stack levels required when called:    2
 This function calls:
		_data_write
 This function is called by:
		_lcd_send_string
 This function uses a non-reentrant model


 *************** function _lcd_clear *****************
 Defined at:
		line 312 in file "main.c"
 Parameters:    Size  Location     Type
		None
 Auto vars:     Size  Location     Type
		None
 Return value:  Size  Location     Type
                  1    wreg      void 
 Registers used:
		wreg, status,2, status,0, pclath, cstack
 Tracked objects:
		On entry : 
		On exit  : 
		Unchanged: 
 Data sizes:     COMMON   BANK0   BANK1   BANK2   BANK3   BANK4   BANK5   BANK6   BANK7   BANK8   BANK9  BANK10  BANK11  BANK12
      Params:         0       0       0       0       0       0       0       0       0       0       0       0       0       0
      Locals:         0       0       0       0       0       0       0       0       0       0       0       0       0       0
      Temps:          1       0       0       0       0       0       0       0       0       0       0       0       0       0
      Totals:         1       0       0       0       0       0       0       0       0       0       0       0       0       0
Total ram usage:        1 bytes
 Hardware stack levels used:    1
 Hardware stack levels required when called:    3
 This function calls:
		_lcd_cmd
 This function is called by:
		_lcd_show
		_main
 This function uses a non-reentrant model


 *************** function _lcd_cmd *****************
 Defined at:
		line 268 in file "main.c"
 Parameters:    Size  Location     Type
  data            1    wreg     unsigned char 
 Auto vars:     Size  Location     Type
  data            1    3[COMMON] unsigned char 
 Return value:  Size  Location     Type
                  1    wreg      void 
 Registers used:
		wreg, status,2, status,0, pclath, cstack
 Tracked objects:
		On entry : 
		On exit  : 
		Unchanged: 
 Data sizes:     COMMON   BANK0   BANK1   BANK2   BANK3   BANK4   BANK5   BANK6   BANK7   BANK8   BANK9  BANK10  BANK11  BANK12
      Params:         0       0       0       0       0       0       0       0       0       0       0       0       0       0
      Locals:         1       0       0       0       0       0       0       0       0       0       0       0       0       0
      Temps:          1       0       0       0       0       0       0       0       0       0       0       0       0       0
      Totals:         2       0       0       0       0       0       0       0       0       0       0       0       0       0
Total ram usage:        2 bytes
 Hardware stack levels used:    1
 Hardware stack levels required when called:    2
 This function calls:
		_data_write
 This function is called by:
		_lcd_init
		_lcd_clear
		_lcd_set_pos
 This function uses a non-reentrant model


 *************** function _data_write *****************
 Defined at:
		line 230 in file "main.c"
 Parameters:    Size  Location     Type
  data            1    wreg     unsigned char 
 Auto vars:     Size  Location     Type
  data            1    1[COMMON] unsigned char 
 Return value:  Size  Location     Type
                  1    wreg      void 
 Registers used:
		wreg
 Tracked objects:
		On entry : 
		On exit  : 
		Unchanged: 
 Data sizes:     COMMON   BANK0   BANK1   BANK2   BANK3   BANK4   BANK5   BANK6   BANK7   BANK8   BANK9  BANK10  BANK11  BANK12
      Params:         0       0       0       0       0       0       0       0       0       0       0       0       0       0
      Locals:         1       0       0       0       0       0       0       0       0       0       0       0       0       0
      Temps:          0       0       0       0       0       0       0       0       0       0       0       0       0       0
      Totals:         1       0       0       0       0       0       0       0       0       0       0       0       0       0
Total ram usage:        1 bytes
 Hardware stack levels used:    1
 Hardware stack levels required when called:    1
 This function calls:
		Nothing
 This function is called by:
		_lcd_data
		_lcd_cmd
		_lcd_init
 This function uses a non-reentrant model


 *************** function _interrupt_enable *****************
 Defined at:
		line 679 in file "main.c"
 Parameters:    Size  Location     Type
  state           1    wreg     _Bool 
 Auto vars:     Size  Location     Type
  state           1    1[COMMON] _Bool 
 Return value:  Size  Location     Type
                  1    wreg      void 
 Registers used:
		wreg, status,2, status,0
 Tracked objects:
		On entry : 
		On exit  : 
		Unchanged: 
 Data sizes:     COMMON   BANK0   BANK1   BANK2   BANK3   BANK4   BANK5   BANK6   BANK7   BANK8   BANK9  BANK10  BANK11  BANK12
      Params:         0       0       0       0       0       0       0       0       0       0       0       0       0       0
      Locals:         1       0       0       0       0       0       0       0       0       0       0       0       0       0
      Temps:          0       0       0       0       0       0       0       0       0       0       0       0       0       0
      Totals:         1       0       0       0       0       0       0       0       0       0       0       0       0       0
Total ram usage:        1 bytes
 Hardware stack levels used:    1
 Hardware stack levels required when called:    1
 This function calls:
		Nothing
 This function is called by:
		_shut_down
		_process_loop
		_error_handling
		_main
 This function uses a non-reentrant model


 *************** function _buzz_op *****************
 Defined at:
		line 909 in file "main.c"
 Parameters:    Size  Location     Type
		None
 Auto vars:     Size  Location     Type
		None
 Return value:  Size  Location     Type
                  1    wreg      void 
 Registers used:
		wreg
 Tracked objects:
		On entry : 
		On exit  : 
		Unchanged: 
 Data sizes:     COMMON   BANK0   BANK1   BANK2   BANK3   BANK4   BANK5   BANK6   BANK7   BANK8   BANK9  BANK10  BANK11  BANK12
      Params:         0       0       0       0       0       0       0       0       0       0       0       0       0       0
      Locals:         0       0       0       0       0       0       0       0       0       0       0       0       0       0
      Temps:          2       0       0       0       0       0       0       0       0       0       0       0       0       0
      Totals:         2       0       0       0       0       0       0       0       0       0       0       0       0       0
Total ram usage:        2 bytes
 Hardware stack levels used:    1
 Hardware stack levels required when called:    1
 This function calls:
		Nothing
 This function is called by:
		_error_handling
 This function uses a non-reentrant model


 *************** function _ISR *****************
 Defined at:
		line 1036 in file "main.c"
 Parameters:    Size  Location     Type
		None
 Auto vars:     Size  Location     Type
		None
 Return value:  Size  Location     Type
                  1    wreg      void 
 Registers used:
		wreg, status,2, status,0
 Tracked objects:
		On entry : 
		On exit  : 
		Unchanged: 
 Data sizes:     COMMON   BANK0   BANK1   BANK2   BANK3   BANK4   BANK5   BANK6   BANK7   BANK8   BANK9  BANK10  BANK11  BANK12
      Params:         0       0       0       0       0       0       0       0       0       0       0       0       0       0
      Locals:         0       0       0       0       0       0       0       0       0       0       0       0       0       0
      Temps:          1       0       0       0       0       0       0       0       0       0       0       0       0       0
      Totals:         1       0       0       0       0       0       0       0       0       0       0       0       0       0
Total ram usage:        1 bytes
 Hardware stack levels used:    1
 This function calls:
		Nothing
 This function is called by:
		Interrupt level 1
 This function uses a non-reentrant model



MODULE INFORMATION

Module		Function		Class		Link	Load	Size
C:\Program Files (x86)\Microchip\xc8\v2.10\pic\sources\c99\common\floorf.c
		_floorf        		CODE           	1CEB	0000	236

C:\Program Files (x86)\Microchip\xc8\v2.10\pic\sources\c99\common\floorf.c estimated size: 236

C:\Program Files (x86)\Microchip\xc8\v2.10\pic\sources\c99\common\atoi.c
		_atoi          		CODE           	1B52	0000	176

C:\Program Files (x86)\Microchip\xc8\v2.10\pic\sources\c99\common\atoi.c estimated size: 176

C:\Program Files (x86)\Microchip\xc8\v2.10\pic\sources\c99\common\fleq.c
		___fleq        		CODE           	23CF	0000	80

C:\Program Files (x86)\Microchip\xc8\v2.10\pic\sources\c99\common\fleq.c estimated size: 80

C:\Program Files (x86)\Microchip\xc8\v2.10\pic\sources\c99\common\aodiv.c
		___aodiv       		CODE           	1DD6	0000	258

C:\Program Files (x86)\Microchip\xc8\v2.10\pic\sources\c99\common\aodiv.c estimated size: 258

C:\Program Files (x86)\Microchip\xc8\v2.10\pic\sources\c99\common\xxtofl.c
		___xxtofl      		CODE           	1AA5	0000	174

C:\Program Files (x86)\Microchip\xc8\v2.10\pic\sources\c99\common\xxtofl.c estimated size: 174

C:\Program Files (x86)\Microchip\xc8\v2.10\pic\sources\c99\common\awdiv.c
		___awdiv       		CODE           	2672	0000	96

C:\Program Files (x86)\Microchip\xc8\v2.10\pic\sources\c99\common\awdiv.c estimated size: 96

C:\Program Files (x86)\Microchip\xc8\v2.10\pic\sources\c99\common\isspace.c
		_isspace       		CODE           	21EB	0000	34

C:\Program Files (x86)\Microchip\xc8\v2.10\pic\sources\c99\common\isspace.c estimated size: 34

C:\Program Files (x86)\Microchip\xc8\v2.10\pic\sources\c99\common\fltol.c
		___fltol       		CODE           	1896	0000	117

C:\Program Files (x86)\Microchip\xc8\v2.10\pic\sources\c99\common\fltol.c estimated size: 117

C:\Program Files (x86)\Microchip\xc8\v2.10\pic\sources\c99\common\strlen.c
		_strlen        		CODE           	2195	0000	27

C:\Program Files (x86)\Microchip\xc8\v2.10\pic\sources\c99\common\strlen.c estimated size: 27

C:\Program Files (x86)\Microchip\xc8\v2.10\pic\sources\c99\common\strcpy.c
		_strcpy        		CODE           	220C	0000	34

C:\Program Files (x86)\Microchip\xc8\v2.10\pic\sources\c99\common\strcpy.c estimated size: 34

C:\Program Files (x86)\Microchip\xc8\v2.10\pic\sources\c99\common\strncmp.c
		_strncmp       		CODE           	2617	0000	92

C:\Program Files (x86)\Microchip\xc8\v2.10\pic\sources\c99\common\strncmp.c estimated size: 92

C:\Program Files (x86)\Microchip\xc8\v2.10\pic\sources\c99\common\tolower.c
		_tolower       		CODE           	2250	0000	39

C:\Program Files (x86)\Microchip\xc8\v2.10\pic\sources\c99\common\tolower.c estimated size: 39

C:\Program Files (x86)\Microchip\xc8\v2.10\pic\sources\c99\common\sprcmul.c
		___flmul       		CODE           	15A9	0000	600

C:\Program Files (x86)\Microchip\xc8\v2.10\pic\sources\c99\common\sprcmul.c estimated size: 600

C:\Program Files (x86)\Microchip\xc8\v2.10\pic\sources\c99\common\sprcdiv.c
		___fldiv       		CODE           	0816	0000	437

C:\Program Files (x86)\Microchip\xc8\v2.10\pic\sources\c99\common\sprcdiv.c estimated size: 437

C:\Program Files (x86)\Microchip\xc8\v2.10\pic\sources\c99\common\doprnt.c
		_vfpfcnvrt     		CODE           	09CA	0000	793
		_efgtoa        		CODE           	00DA	0000	1766
		_pad           		CODE           	25BE	0000	90
		_dtoa          		CODE           	106E	0000	369
		_vfprintf      		CODE           	2321	0000	54

C:\Program Files (x86)\Microchip\xc8\v2.10\pic\sources\c99\common\doprnt.c estimated size: 3072

C:\Program Files (x86)\Microchip\xc8\v2.10\pic\sources\c99\common\nf_fputs.c
		_fputs         		CODE           	229F	0000	42

C:\Program Files (x86)\Microchip\xc8\v2.10\pic\sources\c99\common\nf_fputs.c estimated size: 42

C:\Program Files (x86)\Microchip\xc8\v2.10\pic\sources\c99\common\flge.c
		___flge        		CODE           	1989	0000	140

C:\Program Files (x86)\Microchip\xc8\v2.10\pic\sources\c99\common\flge.c estimated size: 140

C:\Program Files (x86)\Microchip\xc8\v2.10\pic\sources\c99\common\flneg.c
		___flneg       		CODE           	07F5	0000	12

C:\Program Files (x86)\Microchip\xc8\v2.10\pic\sources\c99\common\flneg.c estimated size: 12

C:\Program Files (x86)\Microchip\xc8\v2.10\pic\sources\c99\common\fabsf.c
		_fabsf         		CODE           	2276	0000	42

C:\Program Files (x86)\Microchip\xc8\v2.10\pic\sources\c99\common\fabsf.c estimated size: 42

shared
		__initialization		CODE           	00BD	0000	26

shared estimated size: 26

C:\Program Files (x86)\Microchip\xc8\v2.10\pic\sources\c99\common\putch.c
		_putch         		CODE           	0003	0000	2

C:\Program Files (x86)\Microchip\xc8\v2.10\pic\sources\c99\common\putch.c estimated size: 2

C:\Program Files (x86)\Microchip\xc8\v2.10\pic\sources\c99\common\isdigit.c
		_isdigit       		CODE           	2132	0000	25

C:\Program Files (x86)\Microchip\xc8\v2.10\pic\sources\c99\common\isdigit.c estimated size: 25

C:\Program Files (x86)\Microchip\xc8\v2.10\pic\sources\c99\common\sprcadd.c
		___flsub       		CODE           	07BF	0000	55
		___fladd       		CODE           	1371	0000	569

C:\Program Files (x86)\Microchip\xc8\v2.10\pic\sources\c99\common\sprcadd.c estimated size: 624

C:\Program Files (x86)\Microchip\xc8\v2.10\pic\sources\c99\common\aomod.c
		___aomod       		CODE           	1C01	0000	235

C:\Program Files (x86)\Microchip\xc8\v2.10\pic\sources\c99\common\aomod.c estimated size: 235

C:\Program Files (x86)\Microchip\xc8\v2.10\pic\sources\c99\common\abs.c
		_abs           		CODE           	217B	0000	27

C:\Program Files (x86)\Microchip\xc8\v2.10\pic\sources\c99\common\abs.c estimated size: 27

C:\Program Files (x86)\Microchip\xc8\v2.10\pic\sources\c99\common\nf_sprintf.c
		_sprintf       		CODE           	1801	0000	37

C:\Program Files (x86)\Microchip\xc8\v2.10\pic\sources\c99\common\nf_sprintf.c estimated size: 37

C:\Program Files (x86)\Microchip\xc8\v2.10\pic\sources\c99\common\Umul16.c
		___wmul        		CODE           	21CC	0000	32

C:\Program Files (x86)\Microchip\xc8\v2.10\pic\sources\c99\common\Umul16.c estimated size: 32

C:\Program Files (x86)\Microchip\xc8\v2.10\pic\sources\c99\common\Umul8_16.c
		__Umul8_16     		CODE           	222D	0000	36

C:\Program Files (x86)\Microchip\xc8\v2.10\pic\sources\c99\common\Umul8_16.c estimated size: 36

C:\Program Files (x86)\Microchip\xc8\v2.10\pic\sources\c99\common\awmod.c
		___awmod       		CODE           	24BD	0000	84

C:\Program Files (x86)\Microchip\xc8\v2.10\pic\sources\c99\common\awmod.c estimated size: 84

main.c
		_lcd_send_int  		CODE           	0801	0000	22
		_process_loop  		CODE           	2797	0000	106
		_lcd_cmd       		CODE           	2102	0000	25
		_ISR           		CODE           	0004	0000	184
		_error_handling		CODE           	2566	0000	89
		_lcd_set_pos   		CODE           	20CF	0000	7
		_lcd_data      		CODE           	211A	0000	25
		_data_write    		CODE           	22C8	0000	44
		_lcd_update    		CODE           	0CE2	0000	799
		_main          		CODE           	26D1	0000	97
		_lcd_send_float1		CODE           	2162	0000	26
		_freq_count    		CODE           	2731	0000	103
		_lcd_clear     		CODE           	20E5	0000	14
		_init_setting  		CODE           	1825	0000	114
		_read_volt     		CODE           	11DE	0000	404
		_pwm_con       		CODE           	1A14	0000	146
		_lcd_send_string		CODE           	21AF	0000	30
		_interrupt_enable		CODE           	20DB	0000	11
		_shut_down     		CODE           	2356	0000	54
		_maintenance   		CODE           	1004	0000	107
		_lcd_show      		CODE           	1ED7	0000	298
		_power_con     		CODE           	241E	0000	80
		_start_up      		CODE           	22F3	0000	47
		_check_overload		CODE           	238B	0000	69
		_buzz_op       		CODE           	20F2	0000	17
		_lcd_init      		CODE           	246D	0000	81

main.c estimated size: 2999

C:\Program Files (x86)\Microchip\xc8\v2.10\pic\sources\c99\common\isupper.c
		_isupper       		CODE           	214A	0000	25

C:\Program Files (x86)\Microchip\xc8\v2.10\pic\sources\c99\common\isupper.c estimated size: 25

C:\Program Files (x86)\Microchip\xc8\v2.10\pic\sources\c99\common\__fpclassifyf.c
		___fpclassifyf 		CODE           	190A	0000	128

C:\Program Files (x86)\Microchip\xc8\v2.10\pic\sources\c99\common\__fpclassifyf.c estimated size: 128

C:\Program Files (x86)\Microchip\xc8\v2.10\pic\sources\c99\common\nf_fputc.c
		_fputc         		CODE           	2510	0000	87

C:\Program Files (x86)\Microchip\xc8\v2.10\pic\sources\c99\common\nf_fputc.c estimated size: 87

